Archive member included to satisfy reference by file (symbol)

c:/nxp/mcuxpressoide_10.1.1_606/ide/tools/bin/../lib/gcc/arm-none-eabi/6.3.1/../../../../arm-none-eabi/lib/thumb/v7e-m/fpv4-sp/hard\libcr_nohost_nf.a(_cr__main.o)
                              ./startup/startup_mk64f12.o (__main)
c:/nxp/mcuxpressoide_10.1.1_606/ide/tools/bin/../lib/gcc/arm-none-eabi/6.3.1/../../../../arm-none-eabi/lib/thumb/v7e-m/fpv4-sp/hard\libcr_nohost_nf.a(_cr_assert.o)
                              ./utilities/fsl_debug_console.o (__assertion_failed)
c:/nxp/mcuxpressoide_10.1.1_606/ide/tools/bin/../lib/gcc/arm-none-eabi/6.3.1/../../../../arm-none-eabi/lib/thumb/v7e-m/fpv4-sp/hard\libcr_nohost_nf.a(__ciob.o)
                              c:/nxp/mcuxpressoide_10.1.1_606/ide/tools/bin/../lib/gcc/arm-none-eabi/6.3.1/../../../../arm-none-eabi/lib/thumb/v7e-m/fpv4-sp/hard\libcr_nohost_nf.a(_cr_assert.o) (__Ciob)
c:/nxp/mcuxpressoide_10.1.1_606/ide/tools/bin/../lib/gcc/arm-none-eabi/6.3.1/../../../../arm-none-eabi/lib/thumb/v7e-m/fpv4-sp/hard\libcr_nohost_nf.a(__sys_appexit.o)
                              c:/nxp/mcuxpressoide_10.1.1_606/ide/tools/bin/../lib/gcc/arm-none-eabi/6.3.1/../../../../arm-none-eabi/lib/thumb/v7e-m/fpv4-sp/hard\libcr_nohost_nf.a(_cr_assert.o) (__sys_appexit)
c:/nxp/mcuxpressoide_10.1.1_606/ide/tools/bin/../lib/gcc/arm-none-eabi/6.3.1/../../../../arm-none-eabi/lib/thumb/v7e-m/fpv4-sp/hard\libcr_c.a(memcpy.o)
                              ./drivers/fsl_flash.o (memcpy)
c:/nxp/mcuxpressoide_10.1.1_606/ide/tools/bin/../lib/gcc/arm-none-eabi/6.3.1/../../../../arm-none-eabi/lib/thumb/v7e-m/fpv4-sp/hard\libcr_c.a(memset.o)
                              ./utilities/fsl_debug_console.o (memset)
c:/nxp/mcuxpressoide_10.1.1_606/ide/tools/bin/../lib/gcc/arm-none-eabi/6.3.1/../../../../arm-none-eabi/lib/thumb/v7e-m/fpv4-sp/hard\libcr_c.a(_deferredlazyseek.o)
                              c:/nxp/mcuxpressoide_10.1.1_606/ide/tools/bin/../lib/gcc/arm-none-eabi/6.3.1/../../../../arm-none-eabi/lib/thumb/v7e-m/fpv4-sp/hard\libcr_nohost_nf.a(_cr_assert.o) (__flsbuf)
c:/nxp/mcuxpressoide_10.1.1_606/ide/tools/bin/../lib/gcc/arm-none-eabi/6.3.1/../../../../arm-none-eabi/lib/thumb/v7e-m/fpv4-sp/hard\libcr_c.a(_fflush.o)
                              c:/nxp/mcuxpressoide_10.1.1_606/ide/tools/bin/../lib/gcc/arm-none-eabi/6.3.1/../../../../arm-none-eabi/lib/thumb/v7e-m/fpv4-sp/hard\libcr_c.a(_deferredlazyseek.o) (_fflush)
c:/nxp/mcuxpressoide_10.1.1_606/ide/tools/bin/../lib/gcc/arm-none-eabi/6.3.1/../../../../arm-none-eabi/lib/thumb/v7e-m/fpv4-sp/hard\libcr_c.a(_writebuf.o)
                              c:/nxp/mcuxpressoide_10.1.1_606/ide/tools/bin/../lib/gcc/arm-none-eabi/6.3.1/../../../../arm-none-eabi/lib/thumb/v7e-m/fpv4-sp/hard\libcr_c.a(_deferredlazyseek.o) (_Cwritebuf)
c:/nxp/mcuxpressoide_10.1.1_606/ide/tools/bin/../lib/gcc/arm-none-eabi/6.3.1/../../../../arm-none-eabi/lib/thumb/v7e-m/fpv4-sp/hard\libcr_c.a(alloc.o)
                              c:/nxp/mcuxpressoide_10.1.1_606/ide/tools/bin/../lib/gcc/arm-none-eabi/6.3.1/../../../../arm-none-eabi/lib/thumb/v7e-m/fpv4-sp/hard\libcr_c.a(_deferredlazyseek.o) (_Csys_alloc)
c:/nxp/mcuxpressoide_10.1.1_606/ide/tools/bin/../lib/gcc/arm-none-eabi/6.3.1/../../../../arm-none-eabi/lib/thumb/v7e-m/fpv4-sp/hard\libcr_c.a(fputs.o)
                              c:/nxp/mcuxpressoide_10.1.1_606/ide/tools/bin/../lib/gcc/arm-none-eabi/6.3.1/../../../../arm-none-eabi/lib/thumb/v7e-m/fpv4-sp/hard\libcr_nohost_nf.a(_cr_assert.o) (fputs)
c:/nxp/mcuxpressoide_10.1.1_606/ide/tools/bin/../lib/gcc/arm-none-eabi/6.3.1/../../../../arm-none-eabi/lib/thumb/v7e-m/fpv4-sp/hard\libcr_c.a(fseek.o)
                              c:/nxp/mcuxpressoide_10.1.1_606/ide/tools/bin/../lib/gcc/arm-none-eabi/6.3.1/../../../../arm-none-eabi/lib/thumb/v7e-m/fpv4-sp/hard\libcr_c.a(_deferredlazyseek.o) (fseek)
c:/nxp/mcuxpressoide_10.1.1_606/ide/tools/bin/../lib/gcc/arm-none-eabi/6.3.1/../../../../arm-none-eabi/lib/thumb/v7e-m/fpv4-sp/hard\libcr_c.a(ftell.o)
                              c:/nxp/mcuxpressoide_10.1.1_606/ide/tools/bin/../lib/gcc/arm-none-eabi/6.3.1/../../../../arm-none-eabi/lib/thumb/v7e-m/fpv4-sp/hard\libcr_c.a(fseek.o) (ftell)
c:/nxp/mcuxpressoide_10.1.1_606/ide/tools/bin/../lib/gcc/arm-none-eabi/6.3.1/../../../../arm-none-eabi/lib/thumb/v7e-m/fpv4-sp/hard\libcr_c.a(initio.o)
                              c:/nxp/mcuxpressoide_10.1.1_606/ide/tools/bin/../lib/gcc/arm-none-eabi/6.3.1/../../../../arm-none-eabi/lib/thumb/v7e-m/fpv4-sp/hard\libcr_nohost_nf.a(_cr__main.o) (_initio)
c:/nxp/mcuxpressoide_10.1.1_606/ide/tools/bin/../lib/gcc/arm-none-eabi/6.3.1/../../../../arm-none-eabi/lib/thumb/v7e-m/fpv4-sp/hard\libcr_c.a(setvbuf.o)
                              c:/nxp/mcuxpressoide_10.1.1_606/ide/tools/bin/../lib/gcc/arm-none-eabi/6.3.1/../../../../arm-none-eabi/lib/thumb/v7e-m/fpv4-sp/hard\libcr_c.a(initio.o) (setvbuf)
[...]
Memory Configuration

Name             Origin             Length             Attributes
PROGRAM_FLASH    0x00000000         0x00100000         xr
SRAM_UPPER       0x20000000         0x00030000         xrw
SRAM_LOWER       0x1fff0000         0x00010000         xrw
FLEX_RAM         0x14000000         0x00001000         xrw
*default*        0x00000000         0xffffffff

Linker script and memory map

LOAD ./utilities/fsl_debug_console.o
LOAD ./utilities/fsl_io.o
LOAD ./utilities/fsl_log.o
LOAD ./utilities/fsl_str.o
LOAD ./startup/startup_mk64f12.o
LOAD ./source/rtos.o
LOAD ./source/rtos_main.o
LOAD ./source/semihost_hardfault.o
LOAD ./drivers/fsl_clock.o
LOAD ./drivers/fsl_common.o
LOAD ./drivers/fsl_flash.o
LOAD ./drivers/fsl_gpio.o
LOAD ./drivers/fsl_smc.o
LOAD ./drivers/fsl_uart.o
LOAD ./board/board.o
LOAD ./board/clock_config.o
LOAD ./board/peripherals.o
LOAD ./board/pin_mux.o
LOAD ./CMSIS/system_MK64F12.o
START GROUP
LOAD c:/nxp/mcuxpressoide_10.1.1_606/ide/tools/bin/../lib/gcc/arm-none-eabi/6.3.1/../../../../arm-none-eabi/lib/thumb/v7e-m/fpv4-sp/hard\libcr_nohost_nf.a
LOAD c:/nxp/mcuxpressoide_10.1.1_606/ide/tools/bin/../lib/gcc/arm-none-eabi/6.3.1/../../../../arm-none-eabi/lib/thumb/v7e-m/fpv4-sp/hard\libcr_c.a
LOAD c:/nxp/mcuxpressoide_10.1.1_606/ide/tools/bin/../lib/gcc/arm-none-eabi/6.3.1/thumb/v7e-m/fpv4-sp/hard\libcr_eabihelpers.a
END GROUP
                0x00000000                __base_PROGRAM_FLASH = 0x0
                0x00000000                __base_Flash = 0x0
                0x00100000                __top_PROGRAM_FLASH = 0x100000
                0x00100000                __top_Flash = 0x100000
                0x20000000                __base_SRAM_UPPER = 0x20000000
                0x20000000                __base_RAM = 0x20000000
                0x20030000                __top_SRAM_UPPER = 0x20030000
                0x20030000                __top_RAM = 0x20030000
                0x1fff0000                __base_SRAM_LOWER = 0x1fff0000
                0x1fff0000                __base_RAM2 = 0x1fff0000
                0x20000000                __top_SRAM_LOWER = 0x20000000
                0x20000000                __top_RAM2 = 0x20000000
                0x14000000                __base_FLEX_RAM = 0x14000000
                0x14000000                __base_RAM3 = 0x14000000
                0x14001000                __top_FLEX_RAM = 0x14001000
                0x14001000                __top_RAM3 = 0x14001000

.text           0x00000000     0x80bc
 FILL mask 0xff
                0x00000000                __vectors_start__ = ABSOLUTE (.)
 *(.isr_vector)
 .isr_vector    0x00000000      0x198 ./startup/startup_mk64f12.o
                0x00000000                g_pfnVectors
                0x00000000                __Vectors
                0x00000198                . = ALIGN (0x4)
                0x00000198                __section_table_start = .
                0x00000198                __data_section_table = .
                0x00000198        0x4 LONG 0x80bc LOADADDR (.data)
                0x0000019c        0x4 LONG 0x20000000 ADDR (.data)
                0x000001a0        0x4 LONG 0x10 SIZEOF (.data)
                0x000001a4        0x4 LONG 0x80bc LOADADDR (.data_RAM2)
                0x000001a8        0x4 LONG 0x1fff0000 ADDR (.data_RAM2)
                0x000001ac        0x4 LONG 0x0 SIZEOF (.data_RAM2)
                0x000001b0        0x4 LONG 0x80bc LOADADDR (.data_RAM3)
                0x000001b4        0x4 LONG 0x14000000 ADDR (.data_RAM3)
                0x000001b8        0x4 LONG 0x0 SIZEOF (.data_RAM3)
                0x000001bc                __data_section_table_end = .
                0x000001bc                __bss_section_table = .
                0x000001bc        0x4 LONG 0x20000010 ADDR (.bss)
                0x000001c0        0x4 LONG 0x158c SIZEOF (.bss)
                0x000001c4        0x4 LONG 0x1fff0000 ADDR (.bss_RAM2)
                0x000001c8        0x4 LONG 0x0 SIZEOF (.bss_RAM2)
                0x000001cc        0x4 LONG 0x14000000 ADDR (.bss_RAM3)
                0x000001d0        0x4 LONG 0x0 SIZEOF (.bss_RAM3)
                0x000001d4                __bss_section_table_end = .
                0x000001d4                __section_table_end = .
 *(.after_vectors*)
 .after_vectors.init_data
                0x000001d4       0x1e ./startup/startup_mk64f12.o
                0x000001d4                data_init
 .after_vectors.init_bss
                0x000001f2       0x12 ./startup/startup_mk64f12.o
                0x000001f2                bss_init
 .after_vectors.reset
                0x00000204       0x4c ./startup/startup_mk64f12.o
                0x00000204                ResetISR
 .after_vectors
                0x00000250       0x14 ./startup/startup_mk64f12.o
                0x00000250                NMI_Handler
                0x00000254                MemManage_Handler
                0x00000256                BusFault_Handler
                0x00000258                UsageFault_Handler
                0x0000025a                SVC_Handler
                0x0000025c                DebugMon_Handler
                0x00000262                DMA_Error_DriverIRQHandler
                0x00000262                LPTMR0_DriverIRQHandler
                0x00000262                FTM1_DriverIRQHandler
                0x00000262                FTM2_DriverIRQHandler
                0x00000262                PIT2_DriverIRQHandler
                0x00000262                SDHC_DriverIRQHandler
                0x00000262                I2S0_Tx_DriverIRQHandler
                0x00000262                RTC_Seconds_DriverIRQHandler
                0x00000262                DMA6_DriverIRQHandler
                0x00000262                LLWU_DriverIRQHandler
                0x00000262                MCM_DriverIRQHandler
                0x00000262                MCG_DriverIRQHandler
                0x00000262                ENET_1588_Timer_DriverIRQHandler
                0x00000262                I2C2_DriverIRQHandler
                0x00000262                DAC1_DriverIRQHandler
                0x00000262                SPI1_DriverIRQHandler
                0x00000262                CMP1_DriverIRQHandler
                0x00000262                FTM0_DriverIRQHandler
                0x00000262                IntDefaultHandler
                0x00000262                USB0_DriverIRQHandler
                0x00000262                UART5_ERR_DriverIRQHandler
                0x00000262                PORTC_DriverIRQHandler
                0x00000262                DMA11_DriverIRQHandler
                0x00000262                DAC0_DriverIRQHandler
                0x00000262                DMA10_DriverIRQHandler
                0x00000262                CMP2_DriverIRQHandler
                0x00000262                UART2_ERR_DriverIRQHandler
                0x00000262                SPI2_DriverIRQHandler
                0x00000262                LVD_LVW_DriverIRQHandler
                0x00000262                PIT0_DriverIRQHandler
                0x00000262                RNG_DriverIRQHandler
                0x00000262                DMA12_DriverIRQHandler
                0x00000262                DMA4_DriverIRQHandler
                0x00000262                USBDCD_DriverIRQHandler
                0x00000262                UART3_ERR_DriverIRQHandler
                0x00000262                DMA3_DriverIRQHandler
                0x00000262                DMA8_DriverIRQHandler
                0x00000262                DMA9_DriverIRQHandler
                0x00000262                UART0_ERR_DriverIRQHandler
                0x00000262                CMT_DriverIRQHandler
                0x00000262                Reserved71_DriverIRQHandler
                0x00000262                ADC1_DriverIRQHandler
                0x00000262                PORTA_DriverIRQHandler
                0x00000262                DMA14_DriverIRQHandler
                0x00000262                PIT3_DriverIRQHandler
                0x00000262                PIT1_DriverIRQHandler
                0x00000262                WDOG_EWM_DriverIRQHandler
                0x00000262                PDB0_DriverIRQHandler
                0x00000262                RTC_DriverIRQHandler
                0x00000262                I2S0_Rx_DriverIRQHandler
                0x00000262                Read_Collision_DriverIRQHandler
                0x00000262                SWI_DriverIRQHandler
                0x00000262                UART4_ERR_DriverIRQHandler
                0x00000262                PORTB_DriverIRQHandler
                0x00000262                UART0_LON_DriverIRQHandler
                0x00000262                DMA0_DriverIRQHandler
                0x00000262                DMA1_DriverIRQHandler
                0x00000262                I2C1_DriverIRQHandler
                0x00000262                ENET_Receive_DriverIRQHandler
                0x00000262                DMA13_DriverIRQHandler
                0x00000262                ENET_Error_DriverIRQHandler
                0x00000262                DMA15_DriverIRQHandler
                0x00000262                SPI0_DriverIRQHandler
                0x00000262                ADC0_DriverIRQHandler
                0x00000262                CMP0_DriverIRQHandler
                0x00000262                CAN0_DriverIRQHandler
                0x00000262                FTM3_DriverIRQHandler
                0x00000262                DMA5_DriverIRQHandler
                0x00000262                UART1_ERR_DriverIRQHandler
                0x00000262                DMA2_DriverIRQHandler
                0x00000262                ENET_Transmit_DriverIRQHandler
                0x00000262                PORTD_DriverIRQHandler
                0x00000262                PORTE_DriverIRQHandler
                0x00000262                FTFE_DriverIRQHandler
                0x00000262                I2C0_DriverIRQHandler
                0x00000262                DMA7_DriverIRQHandler
                0x00000400                . = 0x400
 *fill*         0x00000264      0x19c ff
                0x00000400                PROVIDE (__FLASH_CONFIG_START__, .)
 *(.FlashConfig)
 .FlashConfig   0x00000400       0x10 ./startup/startup_mk64f12.o
                0x00000400                Flash_Config
                0x00000410                PROVIDE (__FLASH_CONFIG_END__, .)
                0x00000001                ASSERT (! ((__FLASH_CONFIG_START__ == __FLASH_CONFIG_END__)), Linker Flash Config Support Enabled, but no .FlashConfig section provided within application)
 *(.text*)
 .text          0x00000410      0x198 ./utilities/fsl_debug_console.o
                0x00000410                DbgConsole_Init
                0x00000448                DbgConsole_Deinit
                0x00000456                DbgConsole_Flush
                0x00000464                DbgConsole_Printf
                0x000004c8                DbgConsole_Putchar
                0x000004e4                DbgConsole_Scanf
                0x0000052a                DbgConsole_Getchar
 .text          0x000005a8      0x1cc ./utilities/fsl_io.o
                0x00000628                IO_Init
                0x000006a8                IO_Deinit
                0x000006e8                IO_WaitIdle
                0x00000718                IO_Transfer
 .text          0x00000774      0x1c8 ./utilities/fsl_log.o
                0x00000774                LOG_Init
                0x000007a4                LOG_Deinit
                0x000007b0                LOG_WaitIdle
                0x000007be                LOG_Push
                0x000007ec                LOG_Pop
                0x0000082e                LOG_ReadLine
                0x000008d4                LOG_ReadCharacter
 .text          0x0000093c      0xab4 ./utilities/fsl_str.o
                0x00000ab0                StrFormatPrintf
                0x00000e0a                StrFormatScanf
 .text          0x000013f0      0x2b0 ./startup/startup_mk64f12.o
                0x000013f0                DMA0_IRQHandler
                0x000013f8                DMA1_IRQHandler
                0x00001400                DMA2_IRQHandler
                0x00001408                DMA3_IRQHandler
                0x00001410                DMA4_IRQHandler
                0x00001418                DMA5_IRQHandler
                0x00001420                DMA6_IRQHandler
                0x00001428                DMA7_IRQHandler
                0x00001430                DMA8_IRQHandler
                0x00001438                DMA9_IRQHandler
                0x00001440                DMA10_IRQHandler
                0x00001448                DMA11_IRQHandler
                0x00001450                DMA12_IRQHandler
                0x00001458                DMA13_IRQHandler
                0x00001460                DMA14_IRQHandler
                0x00001468                DMA15_IRQHandler
                0x00001470                DMA_Error_IRQHandler
                0x00001478                MCM_IRQHandler
                0x00001480                FTFE_IRQHandler
                0x00001488                Read_Collision_IRQHandler
                0x00001490                LVD_LVW_IRQHandler
                0x00001498                LLWU_IRQHandler
                0x000014a0                WDOG_EWM_IRQHandler
                0x000014a8                RNG_IRQHandler
                0x000014b0                I2C0_IRQHandler
                0x000014b8                I2C1_IRQHandler
                0x000014c0                SPI0_IRQHandler
                0x000014c8                SPI1_IRQHandler
                0x000014d0                I2S0_Tx_IRQHandler
                0x000014d8                I2S0_Rx_IRQHandler
                0x000014e0                UART0_LON_IRQHandler
                0x000014e8                UART0_RX_TX_IRQHandler
                0x000014f0                UART0_ERR_IRQHandler
                0x000014f8                UART1_RX_TX_IRQHandler
                0x00001500                UART1_ERR_IRQHandler
                0x00001508                UART2_RX_TX_IRQHandler
                0x00001510                UART2_ERR_IRQHandler
                0x00001518                UART3_RX_TX_IRQHandler
                0x00001520                UART3_ERR_IRQHandler
                0x00001528                ADC0_IRQHandler
                0x00001530                CMP0_IRQHandler
                0x00001538                CMP1_IRQHandler
                0x00001540                FTM0_IRQHandler
                0x00001548                FTM1_IRQHandler
                0x00001550                FTM2_IRQHandler
                0x00001558                CMT_IRQHandler
                0x00001560                RTC_IRQHandler
                0x00001568                RTC_Seconds_IRQHandler
                0x00001570                PIT0_IRQHandler
                0x00001578                PIT1_IRQHandler
                0x00001580                PIT2_IRQHandler
                0x00001588                PIT3_IRQHandler
                0x00001590                PDB0_IRQHandler
                0x00001598                USB0_IRQHandler
                0x000015a0                USBDCD_IRQHandler
                0x000015a8                Reserved71_IRQHandler
                0x000015b0                DAC0_IRQHandler
                0x000015b8                MCG_IRQHandler
                0x000015c0                LPTMR0_IRQHandler
                0x000015c8                PORTA_IRQHandler
                0x000015d0                PORTB_IRQHandler
                0x000015d8                PORTC_IRQHandler
                0x000015e0                PORTD_IRQHandler
                0x000015e8                PORTE_IRQHandler
                0x000015f0                SWI_IRQHandler
                0x000015f8                SPI2_IRQHandler
                0x00001600                UART4_RX_TX_IRQHandler
                0x00001608                UART4_ERR_IRQHandler
                0x00001610                UART5_RX_TX_IRQHandler
                0x00001618                UART5_ERR_IRQHandler
                0x00001620                CMP2_IRQHandler
                0x00001628                FTM3_IRQHandler
                0x00001630                DAC1_IRQHandler
                0x00001638                ADC1_IRQHandler
                0x00001640                I2C2_IRQHandler
                0x00001648                CAN0_ORed_Message_buffer_IRQHandler
                0x00001650                CAN0_Bus_Off_IRQHandler
                0x00001658                CAN0_Error_IRQHandler
                0x00001660                CAN0_Tx_Warning_IRQHandler
                0x00001668                CAN0_Rx_Warning_IRQHandler
                0x00001670                CAN0_Wake_Up_IRQHandler
                0x00001678                SDHC_IRQHandler
                0x00001680                ENET_1588_Timer_IRQHandler
                0x00001688                ENET_Transmit_IRQHandler
                0x00001690                ENET_Receive_IRQHandler
                0x00001698                ENET_Error_IRQHandler
 .text          0x000016a0      0x6fc ./source/rtos.o
                0x00001764                rtos_start_scheduler
                0x000017a8                rtos_create_task
                0x000018c0                rtos_get_clock
                0x000018e0                rtos_delay
                0x00001938                rtos_suspend_task
                0x00001964                rtos_activate_task
                0x00001bfe                SysTick_Handler
                0x00001c3c                PendSV_Handler
 .text          0x00001d9c       0xc8 ./source/rtos_main.o
                0x00001d9c                dummy_task1
                0x00001dc8                dummy_task2
                0x00001df4                dummy_task3
                0x00001e20                main
 .text          0x00001e64       0x2a ./source/semihost_hardfault.o
                0x00001e64                HardFault_Handler
 *fill*         0x00001e8e        0x2 ff
 .text          0x00001e90     0x1aa8 ./drivers/fsl_clock.o
                0x00001fd0                CLOCK_FllStableDelay
                0x000021f8                CLOCK_GetOsc0ErClkFreq
                0x00002230                CLOCK_GetEr32kClkFreq
                0x000022a0                CLOCK_GetPllFllSelClkFreq
                0x000022f4                CLOCK_GetPlatClkFreq
                0x0000231c                CLOCK_GetFlashClkFreq
                0x00002344                CLOCK_GetFlexBusClkFreq
                0x0000236c                CLOCK_GetBusClkFreq
                0x00002394                CLOCK_GetCoreSysClkFreq
                0x000023bc                CLOCK_GetFreq
                0x00002504                CLOCK_SetSimConfig
                0x0000253c                CLOCK_EnableUsbfs0Clock
                0x0000263c                CLOCK_GetOutClkFreq
                0x000026a0                CLOCK_GetFllFreq
                0x0000271c                CLOCK_GetInternalRefClkFreq
                0x00002740                CLOCK_GetFixedFreqClkFreq
                0x0000276e                CLOCK_GetPll0Freq
                0x000027d4                CLOCK_SetExternalRefClkConfig
                0x00002840                CLOCK_SetInternalRefClkConfig
                0x00002944                CLOCK_CalcPllDiv
                0x00002ab0                CLOCK_EnablePll0
                0x00002b34                CLOCK_SetOsc0MonitorMode
                0x00002bb0                CLOCK_SetRtcOscMonitorMode
                0x00002bfc                CLOCK_SetPll0MonitorMode
                0x00002c70                CLOCK_GetStatusFlags
                0x00002cf4                CLOCK_ClearStatusFlags
                0x00002d4c                CLOCK_InitOsc0
                0x00002dd8                CLOCK_DeinitOsc0
                0x00002e04                CLOCK_TrimInternalRefClk
                0x00002f3c                CLOCK_GetMode
                0x00002ff8                CLOCK_SetFeiMode
                0x000030b8                CLOCK_SetFeeMode
                0x000031c4                CLOCK_SetFbiMode
                0x00003294                CLOCK_SetFbeMode
                0x000033c0                CLOCK_SetBlpiMode
                0x000033e4                CLOCK_SetBlpeMode
                0x00003408                CLOCK_SetPbeMode
                0x000034b0                CLOCK_SetPeeMode
                0x000034e8                CLOCK_ExternalModeToFbeModeQuick
                0x00003554                CLOCK_InternalModeToFbiModeQuick
                0x000035a0                CLOCK_BootToFeiMode
                0x000035c6                CLOCK_BootToFeeMode
                0x00003602                CLOCK_BootToBlpiMode
                0x00003668                CLOCK_BootToBlpeMode
                0x000036ec                CLOCK_BootToPeeMode
                0x00003750                CLOCK_SetMcgConfig
 .text          0x00003938     0x146c ./drivers/fsl_flash.o
                0x00003938                FLASH_Init
                0x000039f8                FLASH_PrepareExecuteInRamFunctions
                0x00003a3c                FLASH_EraseAll
                0x00003a90                FLASH_Erase
                0x00003b64                FLASH_EraseAllExecuteOnlySegments
                0x00003bb8                FLASH_Program
                0x00003c88                FLASH_ProgramOnce
                0x00003cf4                FLASH_ProgramSection
                0x00003e40                FLASH_ReadResource
                0x00003f18                FLASH_ReadOnce
                0x00003f78                FLASH_GetSecurityState
                0x00003fe0                FLASH_SecurityBypass
                0x00004084                FLASH_VerifyEraseAll
                0x000040c0                FLASH_VerifyErase
                0x000041b0                FLASH_VerifyProgram
                0x00004278                FLASH_VerifyEraseAllExecuteOnlySegments
                0x000042b4                FLASH_IsProtected
                0x00004500                FLASH_IsExecuteOnly
                0x00004540                FLASH_GetProperty
                0x00004612                FLASH_SetProperty
                0x00004650                FLASH_SwapControl
                0x00004708                FLASH_Swap
                0x00004824                FLASH_PflashSetProtection
                0x00004864                FLASH_PflashGetProtection
                0x00004898                FLASH_PflashSetPrefetchSpeculation
                0x00004918                FLASH_PflashGetPrefetchSpeculation
                0x00004a38                fmc_flash_cache_clear
                0x00004a68                fmc_flash_prefetch_speculation_clear
                0x00004a98                flash_cache_clear
 .text          0x00004da4      0x16c ./drivers/fsl_gpio.o
                0x00004e48                GPIO_PinInit
                0x00004eac                GPIO_PortGetInterruptFlags
                0x00004edc                GPIO_PortClearInterruptFlags
 .text          0x00004f10      0x394 ./drivers/fsl_smc.o
                0x00004f4e                SMC_PreEnterStopModes
                0x00004f80                SMC_PostExitStopModes
                0x00004fb0                SMC_PreEnterWaitModes
                0x00004fcc                SMC_PostExitWaitModes
                0x00004fe8                SMC_SetPowerModeRun
                0x00005012                SMC_SetPowerModeWait
                0x00005044                SMC_SetPowerModeStop
                0x000050a4                SMC_SetPowerModeVlpr
                0x000050f2                SMC_SetPowerModeVlpw
                0x00005124                SMC_SetPowerModeVlps
                0x00005188                SMC_SetPowerModeLls
                0x000051ec                SMC_SetPowerModeVlls
 .text          0x000052a4     0x152c ./drivers/fsl_uart.o
                0x0000537a                UART_GetInstance
                0x000053cc                UART_TransferGetRxRingBufferLength
                0x0000546c                UART_Init
                0x00005744                UART_Deinit
                0x00005790                UART_GetDefaultConfig
                0x000057f0                UART_SetBaudRate
                0x000058f8                UART_EnableInterrupts
                0x00005968                UART_DisableInterrupts
                0x000059e8                UART_GetEnabledInterrupts
                0x00005a34                UART_GetStatusFlags
                0x00005a7a                UART_ClearStatusFlags
                0x00005b06                UART_WriteBlocking
                0x00005b88                UART_ReadBlocking
                0x00005c60                UART_TransferCreateHandle
                0x00005ce4                UART_TransferStartRingBuffer
                0x00005d58                UART_TransferStopRingBuffer
                0x00005dc4                UART_TransferSendNonBlocking
                0x00005e60                UART_TransferAbortSend
                0x00005e9c                UART_TransferGetSendCount
                0x00005ef0                UART_TransferReceiveNonBlocking
                0x000060a0                UART_TransferAbortReceive
                0x000060fc                UART_TransferGetReceiveCount
                0x0000615c                UART_TransferHandleIRQ
                0x0000666c                UART_TransferHandleErrorIRQ
                0x00006682                UART0_DriverIRQHandler
                0x000066a8                UART0_RX_TX_DriverIRQHandler
                0x000066b8                UART1_DriverIRQHandler
                0x000066e0                UART1_RX_TX_DriverIRQHandler
                0x000066f0                UART2_DriverIRQHandler
                0x00006718                UART2_RX_TX_DriverIRQHandler
                0x00006728                UART3_DriverIRQHandler
                0x00006750                UART3_RX_TX_DriverIRQHandler
                0x00006760                UART4_DriverIRQHandler
                0x00006788                UART4_RX_TX_DriverIRQHandler
                0x00006798                UART5_DriverIRQHandler
                0x000067c0                UART5_RX_TX_DriverIRQHandler
 .text          0x000067d0       0x28 ./board/board.o
                0x000067d0                BOARD_InitDebugConsole
 .text          0x000067f8      0x174 ./board/clock_config.o
                0x00006870                BOARD_InitBootClocks
                0x000068b8                BOARD_BootClockRUN
                0x00006918                BOARD_BootClockVLPR
 .text          0x0000696c       0xc4 ./board/pin_mux.o
                0x000069dc                BOARD_InitBootPins
                0x000069e8                BOARD_InitPins
 .text          0x00006a30      0x2b8 ./CMSIS/system_MK64F12.o
                0x00006a30                SystemInit
                0x00006a70                SystemCoreClockUpdate
 .text.__main   0x00006ce8        0xe c:/nxp/mcuxpressoide_10.1.1_606/ide/tools/bin/../lib/gcc/arm-none-eabi/6.3.1/../../../../arm-none-eabi/lib/thumb/v7e-m/fpv4-sp/hard\libcr_nohost_nf.a(_cr__main.o)
                0x00006ce8                __main
 *fill*         0x00006cf6        0x2 ff
 .text.__assertion_failed
                0x00006cf8       0x4c c:/nxp/mcuxpressoide_10.1.1_606/ide/tools/bin/../lib/gcc/arm-none-eabi/6.3.1/../../../../arm-none-eabi/lib/thumb/v7e-m/fpv4-sp/hard\libcr_nohost_nf.a(_cr_assert.o)
                0x00006cf8                __assertion_failed
 .text.__sys_appexit
                0x00006d44        0x2 c:/nxp/mcuxpressoide_10.1.1_606/ide/tools/bin/../lib/gcc/arm-none-eabi/6.3.1/../../../../arm-none-eabi/lib/thumb/v7e-m/fpv4-sp/hard\libcr_nohost_nf.a(__sys_appexit.o)
                0x00006d44                __sys_appexit
                0x00006d44                __exit
 .text.memcpy   0x00006d46        0x4 c:/nxp/mcuxpressoide_10.1.1_606/ide/tools/bin/../lib/gcc/arm-none-eabi/6.3.1/../../../../arm-none-eabi/lib/thumb/v7e-m/fpv4-sp/hard\libcr_c.a(memcpy.o)
                0x00006d46                memcpy
 .text.memset   0x00006d4a        0x4 c:/nxp/mcuxpressoide_10.1.1_606/ide/tools/bin/../lib/gcc/arm-none-eabi/6.3.1/../../../../arm-none-eabi/lib/thumb/v7e-m/fpv4-sp/hard\libcr_c.a(memset.o)
                0x00006d4a                memset
 .text._deferredlazyseek
                0x00006d4e       0x40 c:/nxp/mcuxpressoide_10.1.1_606/ide/tools/bin/../lib/gcc/arm-none-eabi/6.3.1/../../../../arm-none-eabi/lib/thumb/v7e-m/fpv4-sp/hard\libcr_c.a(_deferredlazyseek.o)
                0x00006d4e                _deferredlazyseek
 .text.__flsbuf
                0x00006d8e      0x148 c:/nxp/mcuxpressoide_10.1.1_606/ide/tools/bin/../lib/gcc/arm-none-eabi/6.3.1/../../../../arm-none-eabi/lib/thumb/v7e-m/fpv4-sp/hard\libcr_c.a(_deferredlazyseek.o)
                0x00006d8e                __flsbuf
 .text._fflush  0x00006ed6       0x54 c:/nxp/mcuxpressoide_10.1.1_606/ide/tools/bin/../lib/gcc/arm-none-eabi/6.3.1/../../../../arm-none-eabi/lib/thumb/v7e-m/fpv4-sp/hard\libcr_c.a(_fflush.o)
                0x00006ed6                _fflush
 *fill*         0x00006f2a        0x2 ff
 .text._Cwritebuf
                0x00006f2c       0x6c c:/nxp/mcuxpressoide_10.1.1_606/ide/tools/bin/../lib/gcc/arm-none-eabi/6.3.1/../../../../arm-none-eabi/lib/thumb/v7e-m/fpv4-sp/hard\libcr_c.a(_writebuf.o)
                0x00006f2c                _Cwritebuf
 .text.malloc   0x00006f98       0xc4 c:/nxp/mcuxpressoide_10.1.1_606/ide/tools/bin/../lib/gcc/arm-none-eabi/6.3.1/../../../../arm-none-eabi/lib/thumb/v7e-m/fpv4-sp/hard\libcr_c.a(alloc.o)
                0x00006f98                malloc
 .text.free     0x0000705c       0x30 c:/nxp/mcuxpressoide_10.1.1_606/ide/tools/bin/../lib/gcc/arm-none-eabi/6.3.1/../../../../arm-none-eabi/lib/thumb/v7e-m/fpv4-sp/hard\libcr_c.a(alloc.o)
                0x0000705c                free
 .text._Csys_alloc
                0x0000708c       0x20 c:/nxp/mcuxpressoide_10.1.1_606/ide/tools/bin/../lib/gcc/arm-none-eabi/6.3.1/../../../../arm-none-eabi/lib/thumb/v7e-m/fpv4-sp/hard\libcr_c.a(alloc.o)
                0x0000708c                _Csys_alloc
 .text.fputs    0x000070ac       0x2c c:/nxp/mcuxpressoide_10.1.1_606/ide/tools/bin/../lib/gcc/arm-none-eabi/6.3.1/../../../../arm-none-eabi/lib/thumb/v7e-m/fpv4-sp/hard\libcr_c.a(fputs.o)
                0x000070ac                fputs
 .text.fseek    0x000070d8      0x100 c:/nxp/mcuxpressoide_10.1.1_606/ide/tools/bin/../lib/gcc/arm-none-eabi/6.3.1/../../../../arm-none-eabi/lib/thumb/v7e-m/fpv4-sp/hard\libcr_c.a(fseek.o)
                0x000070d8                fseek
 .text.ftell    0x000071d8       0x48 c:/nxp/mcuxpressoide_10.1.1_606/ide/tools/bin/../lib/gcc/arm-none-eabi/6.3.1/../../../../arm-none-eabi/lib/thumb/v7e-m/fpv4-sp/hard\libcr_c.a(ftell.o)
                0x000071d8                ftell
 .text._initio  0x00007220       0x78 c:/nxp/mcuxpressoide_10.1.1_606/ide/tools/bin/../lib/gcc/arm-none-eabi/6.3.1/../../../../arm-none-eabi/lib/thumb/v7e-m/fpv4-sp/hard\libcr_c.a(initio.o)
                0x00007220                _initio
 .text.setvbuf  0x00007298       0x40 c:/nxp/mcuxpressoide_10.1.1_606/ide/tools/bin/../lib/gcc/arm-none-eabi/6.3.1/../../../../arm-none-eabi/lib/thumb/v7e-m/fpv4-sp/hard\libcr_c.a(setvbuf.o)
                0x00007298                setvbuf
 .text.strlen   0x000072d8       0x4a c:/nxp/mcuxpressoide_10.1.1_606/ide/tools/bin/../lib/gcc/arm-none-eabi/6.3.1/../../../../arm-none-eabi/lib/thumb/v7e-m/fpv4-sp/hard\libcr_c.a(strlen.o)
                0x000072d8                strlen
 *fill*         0x00007322        0x2 ff
 .text._sbrk    0x00007324       0x3c c:/nxp/mcuxpressoide_10.1.1_606/ide/tools/bin/../lib/gcc/arm-none-eabi/6.3.1/../../../../arm-none-eabi/lib/thumb/v7e-m/fpv4-sp/hard\libcr_c.a(_cr_sbrk.o)
                0x00007324                _sbrk
 .text._fdopen  0x00007360       0x68 c:/nxp/mcuxpressoide_10.1.1_606/ide/tools/bin/../lib/gcc/arm-none-eabi/6.3.1/../../../../arm-none-eabi/lib/thumb/v7e-m/fpv4-sp/hard\libcr_c.a(_fdopen.o)
                0x00007360                _fdopen
 .text.fclose   0x000073c8       0x58 c:/nxp/mcuxpressoide_10.1.1_606/ide/tools/bin/../lib/gcc/arm-none-eabi/6.3.1/../../../../arm-none-eabi/lib/thumb/v7e-m/fpv4-sp/hard\libcr_c.a(fclose.o)
                0x000073c8                fclose
 .text.fflush   0x00007420       0x44 c:/nxp/mcuxpressoide_10.1.1_606/ide/tools/bin/../lib/gcc/arm-none-eabi/6.3.1/../../../../arm-none-eabi/lib/thumb/v7e-m/fpv4-sp/hard\libcr_c.a(fflush.o)
                0x00007420                fflush
 .text.remove   0x00007464       0x14 c:/nxp/mcuxpressoide_10.1.1_606/ide/tools/bin/../lib/gcc/arm-none-eabi/6.3.1/../../../../arm-none-eabi/lib/thumb/v7e-m/fpv4-sp/hard\libcr_c.a(remove.o)
                0x00007464                remove
 .text.__check_heap_overflow
                0x00007478       0x18 c:/nxp/mcuxpressoide_10.1.1_606/ide/tools/bin/../lib/gcc/arm-none-eabi/6.3.1/../../../../arm-none-eabi/lib/thumb/v7e-m/fpv4-sp/hard\libcr_c.a(_cr_check_heap.o)
                0x00007478                __check_heap_overflow
 .text._do_fflush
                0x00007490       0x40 c:/nxp/mcuxpressoide_10.1.1_606/ide/tools/bin/../lib/gcc/arm-none-eabi/6.3.1/../../../../arm-none-eabi/lib/thumb/v7e-m/fpv4-sp/hard\libcr_c.a(_do_fflush.o)
                0x00007490                _do_fflush
 .text.__aeabi_division_uldivmod
                0x000074d0      0x174 c:/nxp/mcuxpressoide_10.1.1_606/ide/tools/bin/../lib/gcc/arm-none-eabi/6.3.1/thumb/v7e-m/fpv4-sp/hard\libcr_eabihelpers.a(division_64.o)
                0x000074d0                __aeabi_uldivmod
                0x000074d4                __bhs_ldivmod1
 .text.__aeabi_division_idiv0
                0x00007644        0x2 c:/nxp/mcuxpressoide_10.1.1_606/ide/tools/bin/../lib/gcc/arm-none-eabi/6.3.1/thumb/v7e-m/fpv4-sp/hard\libcr_eabihelpers.a(division_idiv0.o)
                0x00007644                __aeabi_idiv0
 .text.__aeabi_memcpy
                0x00007646       0x34 c:/nxp/mcuxpressoide_10.1.1_606/ide/tools/bin/../lib/gcc/arm-none-eabi/6.3.1/thumb/v7e-m/fpv4-sp/hard\libcr_eabihelpers.a(memcpy.o)
                0x00007646                __aeabi_memcpy
                0x00007650                __aeabi_memcpy8
                0x00007650                __aeabi_memcpy4
 .text.__aeabi_memset_lowlevel
                0x0000767a       0x32 c:/nxp/mcuxpressoide_10.1.1_606/ide/tools/bin/../lib/gcc/arm-none-eabi/6.3.1/thumb/v7e-m/fpv4-sp/hard\libcr_eabihelpers.a(memcpy.o)
                0x0000767a                __aeabi_lowlevel_memset
 .text.__sys_close
                0x000076ac        0x6 c:/nxp/mcuxpressoide_10.1.1_606/ide/tools/bin/../lib/gcc/arm-none-eabi/6.3.1/../../../../arm-none-eabi/lib/thumb/v7e-m/fpv4-sp/hard\libcr_nohost_nf.a(__sys_close.o)
                0x000076ac                __sys_close
 .text.__sys_flen
                0x000076b2        0x6 c:/nxp/mcuxpressoide_10.1.1_606/ide/tools/bin/../lib/gcc/arm-none-eabi/6.3.1/../../../../arm-none-eabi/lib/thumb/v7e-m/fpv4-sp/hard\libcr_nohost_nf.a(__sys_flen.o)
                0x000076b2                __sys_flen
 .text.__sys_istty
                0x000076b8        0x6 c:/nxp/mcuxpressoide_10.1.1_606/ide/tools/bin/../lib/gcc/arm-none-eabi/6.3.1/../../../../arm-none-eabi/lib/thumb/v7e-m/fpv4-sp/hard\libcr_nohost_nf.a(__sys_istty.o)
                0x000076b8                __sys_istty
 .text.__sys_remove
                0x000076be        0x6 c:/nxp/mcuxpressoide_10.1.1_606/ide/tools/bin/../lib/gcc/arm-none-eabi/6.3.1/../../../../arm-none-eabi/lib/thumb/v7e-m/fpv4-sp/hard\libcr_nohost_nf.a(__sys_remove.o)
                0x000076be                __sys_remove
 .text.__sys_seek
                0x000076c4        0x6 c:/nxp/mcuxpressoide_10.1.1_606/ide/tools/bin/../lib/gcc/arm-none-eabi/6.3.1/../../../../arm-none-eabi/lib/thumb/v7e-m/fpv4-sp/hard\libcr_nohost_nf.a(__sys_seek.o)
                0x000076c4                __sys_seek
 .text.__sys_tmpnam
                0x000076ca        0x6 c:/nxp/mcuxpressoide_10.1.1_606/ide/tools/bin/../lib/gcc/arm-none-eabi/6.3.1/../../../../arm-none-eabi/lib/thumb/v7e-m/fpv4-sp/hard\libcr_nohost_nf.a(__sys_tmpnam.o)
                0x000076ca                __sys_tmpnam
 .text.__sys_write
                0x000076d0        0x4 c:/nxp/mcuxpressoide_10.1.1_606/ide/tools/bin/../lib/gcc/arm-none-eabi/6.3.1/../../../../arm-none-eabi/lib/thumb/v7e-m/fpv4-sp/hard\libcr_nohost_nf.a(__sys_write.o)
                0x000076d0                __sys_write
 *(.rodata .rodata.* .constdata .constdata.*)
 .rodata        0x000076d4       0x50 ./utilities/fsl_debug_console.o
 .rodata        0x00007724       0x27 ./utilities/fsl_io.o
 *fill*         0x0000774b        0x1 ff
 .rodata        0x0000774c       0x80 ./utilities/fsl_log.o
 .rodata        0x000077cc       0x46 ./source/rtos.o
 *fill*         0x00007812        0x2 ff
 .rodata        0x00007814       0x60 ./source/rtos_main.o
 .rodata        0x00007874      0x1ac ./drivers/fsl_clock.o
 .rodata        0x00007a20       0x4e ./drivers/fsl_flash.o
                0x00007a20                kFCCOBx
                0x00007a24                kFPROTL
                0x00007a50                kPFlashDensities
 *fill*         0x00007a6e        0x2 ff
 .rodata        0x00007a70       0x8a ./drivers/fsl_gpio.o
 *fill*         0x00007afa        0x2 ff
 .rodata        0x00007afc        0x2 ./drivers/fsl_smc.o
 *fill*         0x00007afe        0x2 ff
 .rodata        0x00007b00      0x54b ./drivers/fsl_uart.o
 *fill*         0x0000804b        0x1 ff
 .rodata        0x0000804c       0x38 ./board/clock_config.o
                0x0000804c                mcgConfig_BOARD_BootClockRUN
                0x00008058                simConfig_BOARD_BootClockRUN
                0x00008060                oscConfig_BOARD_BootClockRUN
                0x00008068                mcgConfig_BOARD_BootClockVLPR
                0x00008074                simConfig_BOARD_BootClockVLPR
                0x0000807c                oscConfig_BOARD_BootClockVLPR
 .rodata.__assertion_failed.str1.1
                0x00008084       0x15 c:/nxp/mcuxpressoide_10.1.1_606/ide/tools/bin/../lib/gcc/arm-none-eabi/6.3.1/../../../../arm-none-eabi/lib/thumb/v7e-m/fpv4-sp/hard\libcr_nohost_nf.a(_cr_assert.o)
 *fill*         0x00008099        0x3 ff
 .rodata.__num_Ciob_streams
                0x0000809c        0x4 c:/nxp/mcuxpressoide_10.1.1_606/ide/tools/bin/../lib/gcc/arm-none-eabi/6.3.1/../../../../arm-none-eabi/lib/thumb/v7e-m/fpv4-sp/hard\libcr_nohost_nf.a(__ciob.o)
                0x0000809c                __num_Ciob_streams
 .rodata._Csys_alloc.str1.1
                0x000080a0       0x18 c:/nxp/mcuxpressoide_10.1.1_606/ide/tools/bin/../lib/gcc/arm-none-eabi/6.3.1/../../../../arm-none-eabi/lib/thumb/v7e-m/fpv4-sp/hard\libcr_c.a(alloc.o)
 .rodata._initio.str1.1
                0x000080b8        0x4 c:/nxp/mcuxpressoide_10.1.1_606/ide/tools/bin/../lib/gcc/arm-none-eabi/6.3.1/../../../../arm-none-eabi/lib/thumb/v7e-m/fpv4-sp/hard\libcr_c.a(initio.o)
                0x000080bc                . = ALIGN (0x4)

.glue_7         0x000080bc        0x0
 .glue_7        0x000080bc        0x0 linker stubs

.glue_7t        0x000080bc        0x0
 .glue_7t       0x000080bc        0x0 linker stubs

.vfp11_veneer   0x000080bc        0x0
 .vfp11_veneer  0x000080bc        0x0 linker stubs

.v4_bx          0x000080bc        0x0
 .v4_bx         0x000080bc        0x0 linker stubs

.iplt           0x000080bc        0x0
 .iplt          0x000080bc        0x0 ./utilities/fsl_debug_console.o

.rel.dyn        0x000080bc        0x0
 .rel.iplt      0x000080bc        0x0 ./utilities/fsl_debug_console.o

.ARM.extab
 *(.ARM.extab* .gnu.linkonce.armextab.*)
                0x000080bc                __exidx_start = .

.ARM.exidx
 *(.ARM.exidx* .gnu.linkonce.armexidx.*)
                0x000080bc                __exidx_end = .
                0x000080bc                _etext = .

.m_usb_data
 *(m_usb_bdt)

.data_RAM2      0x1fff0000        0x0 load address 0x000080bc
 FILL mask 0xff
                [!provide]                PROVIDE (__start_data_RAM2, .)
 *(.ramfunc.$RAM2)
 *(.ramfunc.$SRAM_LOWER)
 *(.data.$RAM2*)
 *(.data.$SRAM_LOWER*)
                0x1fff0000                . = ALIGN (0x4)
                [!provide]                PROVIDE (__end_data_RAM2, .)

.data_RAM3      0x14000000        0x0 load address 0x000080bc
 FILL mask 0xff
                [!provide]                PROVIDE (__start_data_RAM3, .)
 *(.ramfunc.$RAM3)
 *(.ramfunc.$FLEX_RAM)
 *(.data.$RAM3*)
 *(.data.$FLEX_RAM*)
                0x14000000                . = ALIGN (0x4)
                [!provide]                PROVIDE (__end_data_RAM3, .)

.uninit_RESERVED
                0x20000000        0x0
 *(.bss.$RESERVED*)
                0x20000000                . = ALIGN (0x4)
                0x20000000                _end_uninit_RESERVED = .

.data           0x20000000       0x10 load address 0x000080bc
 FILL mask 0xff
                0x20000000                _data = .
 *(vtable)
 *(.ramfunc*)
 *(.data*)
 .data          0x20000000        0x1 ./source/rtos.o
 *fill*         0x20000001        0x3 ff
 .data          0x20000004        0x8 ./drivers/fsl_clock.o
 .data          0x2000000c        0x4 ./CMSIS/system_MK64F12.o
                0x2000000c                SystemCoreClock
                0x20000010                . = ALIGN (0x4)
                0x20000010                _edata = .

.igot.plt       0x20000010        0x0 load address 0x000080cc
 .igot.plt      0x20000010        0x0 ./utilities/fsl_debug_console.o

.bss_RAM2       0x1fff0000        0x0
                [!provide]                PROVIDE (__start_bss_RAM2, .)
 *(.bss.$RAM2*)
 *(.bss.$SRAM_LOWER*)
                0x1fff0000                . = ALIGN ((. != 0x0)?0x4:0x1)
                [!provide]                PROVIDE (__end_bss_RAM2, .)

.bss_RAM3       0x14000000        0x0
                [!provide]                PROVIDE (__start_bss_RAM3, .)
 *(.bss.$RAM3*)
 *(.bss.$FLEX_RAM*)
                0x14000000                . = ALIGN ((. != 0x0)?0x4:0x1)
                [!provide]                PROVIDE (__end_bss_RAM3, .)

.bss            0x20000010     0x158c
                0x20000010                _bss = .
 *(.bss*)
 .bss           0x20000010        0x8 ./utilities/fsl_io.o
 .bss           0x20000018     0x1405 ./source/rtos.o
                0x20000018                task_list
 *fill*         0x2000141d        0x3 
 .bss           0x20001420        0x8 ./drivers/fsl_clock.o
                0x20001420                g_xtal0Freq
                0x20001424                g_xtal32Freq
 .bss           0x20001428       0x94 ./drivers/fsl_flash.o
 .bss           0x200014bc        0x4 ./drivers/fsl_smc.o
 .bss           0x200014c0       0x1c ./drivers/fsl_uart.o
 .bss.__Ciob    0x200014dc       0xb4 c:/nxp/mcuxpressoide_10.1.1_606/ide/tools/bin/../lib/gcc/arm-none-eabi/6.3.1/../../../../arm-none-eabi/lib/thumb/v7e-m/fpv4-sp/hard\libcr_nohost_nf.a(__ciob.o)
                0x200014dc                __Ciob
 .bss.__end_of_heap
                0x20001590        0x4 c:/nxp/mcuxpressoide_10.1.1_606/ide/tools/bin/../lib/gcc/arm-none-eabi/6.3.1/../../../../arm-none-eabi/lib/thumb/v7e-m/fpv4-sp/hard\libcr_c.a(__init_alloc.o)
                0x20001590                __end_of_heap
 .bss.__heaps   0x20001594        0x4 c:/nxp/mcuxpressoide_10.1.1_606/ide/tools/bin/../lib/gcc/arm-none-eabi/6.3.1/../../../../arm-none-eabi/lib/thumb/v7e-m/fpv4-sp/hard\libcr_c.a(__init_alloc.o)
                0x20001594                __heaps
 .bss.errno     0x20001598        0x4 c:/nxp/mcuxpressoide_10.1.1_606/ide/tools/bin/../lib/gcc/arm-none-eabi/6.3.1/../../../../arm-none-eabi/lib/thumb/v7e-m/fpv4-sp/hard\libcr_c.a(errno.o)
                0x20001598                errno
 *(COMMON)
                0x2000159c                . = ALIGN (0x4)
                0x2000159c                _ebss = .
                [!provide]                PROVIDE (end, .)

.noinit_RAM2    0x1fff0000        0x0
 *(.noinit.$RAM2*)
 *(.noinit.$SRAM_LOWER*)
                0x1fff0000                . = ALIGN (0x4)

.noinit_RAM3    0x14000000        0x0
 *(.noinit.$RAM3*)
 *(.noinit.$FLEX_RAM*)
                0x14000000                . = ALIGN (0x4)

.noinit         0x2000159c        0x0
                0x2000159c                _noinit = .
 *(.noinit*)
                0x2000159c                . = ALIGN (0x4)
                0x2000159c                _end_noinit = .
                0x00001000                _HeapSize = 0x1000

.heap           0x2000159c     0x1000
                0x2000159c                _pvHeapStart = .
                0x2000259c                . = (. + _HeapSize)
 *fill*         0x2000159c     0x1000 
                0x2000259c                . = ALIGN (0x4)
                0x2000259c                _pvHeapLimit = .
                0x00001000                _StackSize = 0x1000

.heap2stackfill
                0x2000259c     0x1000
                0x2000359c                . = (. + _StackSize)
 *fill*         0x2000259c     0x1000 

.stack          0x2002f000        0x0
                0x2002f000                _vStackBase = .
                0x2002f000                . = ALIGN (0x4)
                0x20030000                _vStackTop = (. + _StackSize)
                0x00000000                _image_start = LOADADDR (.text)
                0x000080cc                _image_end = (LOADADDR (.data) + SIZEOF (.data))
                0x000080cc                _image_size = (_image_end - _image_start)
OUTPUT(rtos.axf elf32-littlearm)

.debug_info     0x00000000     0xb847
 .debug_info    0x00000000      0x37a ./utilities/fsl_debug_console.o
 .debug_info    0x0000037a      0x81e ./utilities/fsl_io.o
 .debug_info    0x00000b98      0x340 ./utilities/fsl_log.o
 .debug_info    0x00000ed8      0x53a ./utilities/fsl_str.o
 .debug_info    0x00001412      0x8b7 ./startup/startup_mk64f12.o
 .debug_info    0x00001cc9     0x11e8 ./source/rtos.o
 .debug_info    0x00002eb1      0x4aa ./source/rtos_main.o
 .debug_info    0x0000335b       0x3b ./source/semihost_hardfault.o
 .debug_info    0x00003396     0x1e89 ./drivers/fsl_clock.o
 .debug_info    0x0000521f     0x1e79 ./drivers/fsl_flash.o
 .debug_info    0x00007098      0x619 ./drivers/fsl_gpio.o
 .debug_info    0x000076b1      0xa73 ./drivers/fsl_smc.o
 .debug_info    0x00008124     0x19d5 ./drivers/fsl_uart.o
 .debug_info    0x00009af9      0x614 ./board/board.o
 .debug_info    0x0000a10d      0xaad ./board/clock_config.o
 .debug_info    0x0000abba      0x667 ./board/pin_mux.o
 .debug_info    0x0000b221      0x626 ./CMSIS/system_MK64F12.o

.debug_abbrev   0x00000000     0x1fd3
 .debug_abbrev  0x00000000      0x177 ./utilities/fsl_debug_console.o
 .debug_abbrev  0x00000177      0x21e ./utilities/fsl_io.o
 .debug_abbrev  0x00000395      0x17e ./utilities/fsl_log.o
 .debug_abbrev  0x00000513      0x195 ./utilities/fsl_str.o
 .debug_abbrev  0x000006a8      0x15c ./startup/startup_mk64f12.o
 .debug_abbrev  0x00000804      0x38b ./source/rtos.o
 .debug_abbrev  0x00000b8f      0x146 ./source/rtos_main.o
 .debug_abbrev  0x00000cd5       0x2f ./source/semihost_hardfault.o
 .debug_abbrev  0x00000d04      0x305 ./drivers/fsl_clock.o
 .debug_abbrev  0x00001009      0x265 ./drivers/fsl_flash.o
 .debug_abbrev  0x0000126e      0x1ac ./drivers/fsl_gpio.o
 .debug_abbrev  0x0000141a      0x2bd ./drivers/fsl_smc.o
 .debug_abbrev  0x000016d7      0x2ff ./drivers/fsl_uart.o
 .debug_abbrev  0x000019d6      0x13c ./board/board.o
 .debug_abbrev  0x00001b12      0x1f0 ./board/clock_config.o
 .debug_abbrev  0x00001d02      0x195 ./board/pin_mux.o
 .debug_abbrev  0x00001e97      0x13c ./CMSIS/system_MK64F12.o

.debug_aranges  0x00000000      0x288
 .debug_aranges
                0x00000000       0x20 ./utilities/fsl_debug_console.o
 .debug_aranges
                0x00000020       0x20 ./utilities/fsl_io.o
 .debug_aranges
                0x00000040       0x20 ./utilities/fsl_log.o
 .debug_aranges
                0x00000060       0x20 ./utilities/fsl_str.o
 .debug_aranges
                0x00000080       0x88 ./startup/startup_mk64f12.o
 .debug_aranges
                0x00000108       0x20 ./source/rtos.o
 .debug_aranges
                0x00000128       0x20 ./source/rtos_main.o
 .debug_aranges
                0x00000148       0x20 ./source/semihost_hardfault.o
 .debug_aranges
                0x00000168       0x20 ./drivers/fsl_clock.o
 .debug_aranges
                0x00000188       0x20 ./drivers/fsl_flash.o
 .debug_aranges
                0x000001a8       0x20 ./drivers/fsl_gpio.o
 .debug_aranges
                0x000001c8       0x20 ./drivers/fsl_smc.o
 .debug_aranges
                0x000001e8       0x20 ./drivers/fsl_uart.o
 .debug_aranges
                0x00000208       0x20 ./board/board.o
 .debug_aranges
                0x00000228       0x20 ./board/clock_config.o
 .debug_aranges
                0x00000248       0x20 ./board/pin_mux.o
 .debug_aranges
                0x00000268       0x20 ./CMSIS/system_MK64F12.o

.debug_macro    0x00000000    0x12eb0
 .debug_macro   0x00000000      0x127 ./utilities/fsl_debug_console.o
 .debug_macro   0x00000127      0x8ec ./utilities/fsl_debug_console.o
 .debug_macro   0x00000a13       0x10 ./utilities/fsl_debug_console.o
 .debug_macro   0x00000a23       0x16 ./utilities/fsl_debug_console.o
 .debug_macro   0x00000a39       0x10 ./utilities/fsl_debug_console.o
 .debug_macro   0x00000a49      0x12d ./utilities/fsl_debug_console.o
 .debug_macro   0x00000b76       0x28 ./utilities/fsl_debug_console.o
 .debug_macro   0x00000b9e       0x16 ./utilities/fsl_debug_console.o
 .debug_macro   0x00000bb4       0x22 ./utilities/fsl_debug_console.o
 .debug_macro   0x00000bd6      0x5b2 ./utilities/fsl_debug_console.o
 .debug_macro   0x00001188       0x10 ./utilities/fsl_debug_console.o
 .debug_macro   0x00001198       0x5b ./utilities/fsl_debug_console.o
 .debug_macro   0x000011f3       0x1c ./utilities/fsl_debug_console.o
 .debug_macro   0x0000120f       0x22 ./utilities/fsl_debug_console.o
 .debug_macro   0x00001231       0xd9 ./utilities/fsl_debug_console.o
 .debug_macro   0x0000130a      0xec1 ./utilities/fsl_debug_console.o
 .debug_macro   0x000021cb       0x44 ./utilities/fsl_debug_console.o
 .debug_macro   0x0000220f     0xe07b ./utilities/fsl_debug_console.o
 .debug_macro   0x0001028a     0x143f ./utilities/fsl_debug_console.o
 .debug_macro   0x000116c9       0x46 ./utilities/fsl_debug_console.o
 .debug_macro   0x0001170f      0x171 ./utilities/fsl_debug_console.o
 .debug_macro   0x00011880       0x5f ./utilities/fsl_debug_console.o
 .debug_macro   0x000118df       0x1c ./utilities/fsl_debug_console.o
 .debug_macro   0x000118fb       0x43 ./utilities/fsl_debug_console.o
 .debug_macro   0x0001193e      0x102 ./utilities/fsl_io.o
 .debug_macro   0x00011a40       0x1c ./utilities/fsl_io.o
 .debug_macro   0x00011a5c       0x10 ./utilities/fsl_io.o
 .debug_macro   0x00011a6c      0x135 ./utilities/fsl_log.o
 .debug_macro   0x00011ba1      0x118 ./utilities/fsl_str.o
 .debug_macro   0x00011cb9       0xc4 ./utilities/fsl_str.o
 .debug_macro   0x00011d7d       0x1c ./utilities/fsl_str.o
 .debug_macro   0x00011d99       0x29 ./startup/startup_mk64f12.o
 .debug_macro   0x00011dc2      0x155 ./source/rtos.o
 .debug_macro   0x00011f17       0x34 ./source/rtos.o
 .debug_macro   0x00011f4b       0x1c ./source/rtos.o
 .debug_macro   0x00011f67       0x16 ./source/rtos.o
 .debug_macro   0x00011f7d       0x10 ./source/rtos.o
 .debug_macro   0x00011f8d       0x10 ./source/rtos.o
 .debug_macro   0x00011f9d      0x136 ./source/rtos_main.o
 .debug_macro   0x000120d3      0x15e ./source/rtos_main.o
 .debug_macro   0x00012231       0x22 ./source/rtos_main.o
 .debug_macro   0x00012253       0x11 ./source/semihost_hardfault.o
 .debug_macro   0x00012264      0x1a6 ./drivers/fsl_clock.o
 .debug_macro   0x0001240a      0x34b ./drivers/fsl_flash.o
 .debug_macro   0x00012755       0x43 ./drivers/fsl_flash.o
 .debug_macro   0x00012798       0xf0 ./drivers/fsl_gpio.o
 .debug_macro   0x00012888       0xf9 ./drivers/fsl_smc.o
 .debug_macro   0x00012981       0x49 ./drivers/fsl_smc.o
 .debug_macro   0x000129ca       0xf6 ./drivers/fsl_uart.o
 .debug_macro   0x00012ac0      0x110 ./board/board.o
 .debug_macro   0x00012bd0       0x1c ./board/board.o
 .debug_macro   0x00012bec      0x127 ./board/clock_config.o
 .debug_macro   0x00012d13      0x105 ./board/pin_mux.o
 .debug_macro   0x00012e18       0x98 ./CMSIS/system_MK64F12.o

.debug_line     0x00000000     0x38ac
 .debug_line    0x00000000      0x2f1 ./utilities/fsl_debug_console.o
 .debug_line    0x000002f1      0x2c4 ./utilities/fsl_io.o
 .debug_line    0x000005b5      0x2ca ./utilities/fsl_log.o
 .debug_line    0x0000087f      0x52a ./utilities/fsl_str.o
 .debug_line    0x00000da9      0x183 ./startup/startup_mk64f12.o
 .debug_line    0x00000f2c      0x380 ./source/rtos.o
 .debug_line    0x000012ac      0x332 ./source/rtos_main.o
 .debug_line    0x000015de       0x54 ./source/semihost_hardfault.o
 .debug_line    0x00001632      0x645 ./drivers/fsl_clock.o
 .debug_line    0x00001c77      0x5dd ./drivers/fsl_flash.o
 .debug_line    0x00002254      0x24d ./drivers/fsl_gpio.o
 .debug_line    0x000024a1      0x361 ./drivers/fsl_smc.o
 .debug_line    0x00002802      0x73c ./drivers/fsl_uart.o
 .debug_line    0x00002f3e      0x294 ./board/board.o
 .debug_line    0x000031d2      0x28c ./board/clock_config.o
 .debug_line    0x0000345e      0x25e ./board/pin_mux.o
 .debug_line    0x000036bc      0x1f0 ./CMSIS/system_MK64F12.o

.debug_str      0x00000000    0x81ea2
 .debug_str     0x00000000    0x78eb4 ./utilities/fsl_debug_console.o
                              0x78fa1 (size before relaxing)
 .debug_str     0x00078eb4      0xa2a ./utilities/fsl_io.o
                              0x79753 (size before relaxing)
 .debug_str     0x000798de      0x1d8 ./utilities/fsl_log.o
                              0x78f31 (size before relaxing)
 .debug_str     0x00079ab6      0x68d ./utilities/fsl_str.o
                              0x79434 (size before relaxing)
 .debug_str     0x0007a143      0x80f ./startup/startup_mk64f12.o
                               0x2e79 (size before relaxing)
 .debug_str     0x0007a952     0x1029 ./source/rtos.o
                              0x7a109 (size before relaxing)
 .debug_str     0x0007b97b      0xa99 ./source/rtos_main.o
                              0x79bbb (size before relaxing)
 .debug_str     0x0007c414       0x1f ./source/semihost_hardfault.o
                               0x2601 (size before relaxing)
 .debug_str     0x0007c433     0x1782 ./drivers/fsl_clock.o
                              0x7ae96 (size before relaxing)
 .debug_str     0x0007dbb5     0x2bcd ./drivers/fsl_flash.o
                              0x7bdd0 (size before relaxing)
 .debug_str     0x00080782       0x96 ./drivers/fsl_gpio.o
                              0x7924a (size before relaxing)
 .debug_str     0x00080818      0x3b1 ./drivers/fsl_smc.o
                              0x79805 (size before relaxing)
 .debug_str     0x00080bc9      0xec8 ./drivers/fsl_uart.o
                              0x7a787 (size before relaxing)
 .debug_str     0x00081a91       0x37 ./board/board.o
                              0x79b04 (size before relaxing)
 .debug_str     0x00081ac8      0x2a3 ./board/clock_config.o
                              0x798fd (size before relaxing)
 .debug_str     0x00081d6b       0x8a ./board/pin_mux.o
                              0x79078 (size before relaxing)
 .debug_str     0x00081df5       0xad ./CMSIS/system_MK64F12.o
                              0x77e95 (size before relaxing)

.comment        0x00000000       0x7f
 .comment       0x00000000       0x7f ./utilities/fsl_debug_console.o
                                 0x80 (size before relaxing)
 .comment       0x0000007f       0x80 ./utilities/fsl_io.o
 .comment       0x0000007f       0x80 ./utilities/fsl_log.o
 .comment       0x0000007f       0x80 ./utilities/fsl_str.o
 .comment       0x0000007f       0x80 ./startup/startup_mk64f12.o
 .comment       0x0000007f       0x80 ./source/rtos.o
 .comment       0x0000007f       0x80 ./source/rtos_main.o
 .comment       0x0000007f       0x80 ./source/semihost_hardfault.o
 .comment       0x0000007f       0x80 ./drivers/fsl_clock.o
 .comment       0x0000007f       0x80 ./drivers/fsl_flash.o
 .comment       0x0000007f       0x80 ./drivers/fsl_gpio.o
 .comment       0x0000007f       0x80 ./drivers/fsl_smc.o
 .comment       0x0000007f       0x80 ./drivers/fsl_uart.o
 .comment       0x0000007f       0x80 ./board/board.o
 .comment       0x0000007f       0x80 ./board/clock_config.o
 .comment       0x0000007f       0x80 ./board/pin_mux.o
 .comment       0x0000007f       0x80 ./CMSIS/system_MK64F12.o
 .comment       0x0000007f       0x80 c:/nxp/mcuxpressoide_10.1.1_606/ide/tools/bin/../lib/gcc/arm-none-eabi/6.3.1/../../../../arm-none-eabi/lib/thumb/v7e-m/fpv4-sp/hard\libcr_nohost_nf.a(_cr__main.o)
 .comment       0x0000007f       0x80 c:/nxp/mcuxpressoide_10.1.1_606/ide/tools/bin/../lib/gcc/arm-none-eabi/6.3.1/../../../../arm-none-eabi/lib/thumb/v7e-m/fpv4-sp/hard\libcr_nohost_nf.a(_cr_assert.o)
 .comment       0x0000007f       0x80 c:/nxp/mcuxpressoide_10.1.1_606/ide/tools/bin/../lib/gcc/arm-none-eabi/6.3.1/../../../../arm-none-eabi/lib/thumb/v7e-m/fpv4-sp/hard\libcr_nohost_nf.a(__ciob.o)
 .comment       0x0000007f       0x80 c:/nxp/mcuxpressoide_10.1.1_606/ide/tools/bin/../lib/gcc/arm-none-eabi/6.3.1/../../../../arm-none-eabi/lib/thumb/v7e-m/fpv4-sp/hard\libcr_nohost_nf.a(__sys_appexit.o)
 .comment       0x0000007f       0x80 c:/nxp/mcuxpressoide_10.1.1_606/ide/tools/bin/../lib/gcc/arm-none-eabi/6.3.1/../../../../arm-none-eabi/lib/thumb/v7e-m/fpv4-sp/hard\libcr_c.a(memcpy.o)
 .comment       0x0000007f       0x80 c:/nxp/mcuxpressoide_10.1.1_606/ide/tools/bin/../lib/gcc/arm-none-eabi/6.3.1/../../../../arm-none-eabi/lib/thumb/v7e-m/fpv4-sp/hard\libcr_c.a(memset.o)
 .comment       0x0000007f       0x80 c:/nxp/mcuxpressoide_10.1.1_606/ide/tools/bin/../lib/gcc/arm-none-eabi/6.3.1/../../../../arm-none-eabi/lib/thumb/v7e-m/fpv4-sp/hard\libcr_c.a(_deferredlazyseek.o)
 .comment       0x0000007f       0x80 c:/nxp/mcuxpressoide_10.1.1_606/ide/tools/bin/../lib/gcc/arm-none-eabi/6.3.1/../../../../arm-none-eabi/lib/thumb/v7e-m/fpv4-sp/hard\libcr_c.a(_fflush.o)
 .comment       0x0000007f       0x80 c:/nxp/mcuxpressoide_10.1.1_606/ide/tools/bin/../lib/gcc/arm-none-eabi/6.3.1/../../../../arm-none-eabi/lib/thumb/v7e-m/fpv4-sp/hard\libcr_c.a(_writebuf.o)
 .comment       0x0000007f       0x80 c:/nxp/mcuxpressoide_10.1.1_606/ide/tools/bin/../lib/gcc/arm-none-eabi/6.3.1/../../../../arm-none-eabi/lib/thumb/v7e-m/fpv4-sp/hard\libcr_c.a(alloc.o)
 .comment       0x0000007f       0x80 c:/nxp/mcuxpressoide_10.1.1_606/ide/tools/bin/../lib/gcc/arm-none-eabi/6.3.1/../../../../arm-none-eabi/lib/thumb/v7e-m/fpv4-sp/hard\libcr_c.a(fputs.o)
 .comment       0x0000007f       0x80 c:/nxp/mcuxpressoide_10.1.1_606/ide/tools/bin/../lib/gcc/arm-none-eabi/6.3.1/../../../../arm-none-eabi/lib/thumb/v7e-m/fpv4-sp/hard\libcr_c.a(fseek.o)
 .comment       0x0000007f       0x80 c:/nxp/mcuxpressoide_10.1.1_606/ide/tools/bin/../lib/gcc/arm-none-eabi/6.3.1/../../../../arm-none-eabi/lib/thumb/v7e-m/fpv4-sp/hard\libcr_c.a(ftell.o)
 .comment       0x0000007f       0x80 c:/nxp/mcuxpressoide_10.1.1_606/ide/tools/bin/../lib/gcc/arm-none-eabi/6.3.1/../../../../arm-none-eabi/lib/thumb/v7e-m/fpv4-sp/hard\libcr_c.a(initio.o)
 .comment       0x0000007f       0x80 c:/nxp/mcuxpressoide_10.1.1_606/ide/tools/bin/../lib/gcc/arm-none-eabi/6.3.1/../../../../arm-none-eabi/lib/thumb/v7e-m/fpv4-sp/hard\libcr_c.a(setvbuf.o)
 .comment       0x0000007f       0x80 c:/nxp/mcuxpressoide_10.1.1_606/ide/tools/bin/../lib/gcc/arm-none-eabi/6.3.1/../../../../arm-none-eabi/lib/thumb/v7e-m/fpv4-sp/hard\libcr_c.a(strlen.o)
 .comment       0x0000007f       0x80 c:/nxp/mcuxpressoide_10.1.1_606/ide/tools/bin/../lib/gcc/arm-none-eabi/6.3.1/../../../../arm-none-eabi/lib/thumb/v7e-m/fpv4-sp/hard\libcr_c.a(__init_alloc.o)
 .comment       0x0000007f       0x80 c:/nxp/mcuxpressoide_10.1.1_606/ide/tools/bin/../lib/gcc/arm-none-eabi/6.3.1/../../../../arm-none-eabi/lib/thumb/v7e-m/fpv4-sp/hard\libcr_c.a(_cr_sbrk.o)
 .comment       0x0000007f       0x80 c:/nxp/mcuxpressoide_10.1.1_606/ide/tools/bin/../lib/gcc/arm-none-eabi/6.3.1/../../../../arm-none-eabi/lib/thumb/v7e-m/fpv4-sp/hard\libcr_c.a(_fdopen.o)
 .comment       0x0000007f       0x80 c:/nxp/mcuxpressoide_10.1.1_606/ide/tools/bin/../lib/gcc/arm-none-eabi/6.3.1/../../../../arm-none-eabi/lib/thumb/v7e-m/fpv4-sp/hard\libcr_c.a(errno.o)
 .comment       0x0000007f       0x80 c:/nxp/mcuxpressoide_10.1.1_606/ide/tools/bin/../lib/gcc/arm-none-eabi/6.3.1/../../../../arm-none-eabi/lib/thumb/v7e-m/fpv4-sp/hard\libcr_c.a(fclose.o)
 .comment       0x0000007f       0x80 c:/nxp/mcuxpressoide_10.1.1_606/ide/tools/bin/../lib/gcc/arm-none-eabi/6.3.1/../../../../arm-none-eabi/lib/thumb/v7e-m/fpv4-sp/hard\libcr_c.a(fflush.o)
 .comment       0x0000007f       0x80 c:/nxp/mcuxpressoide_10.1.1_606/ide/tools/bin/../lib/gcc/arm-none-eabi/6.3.1/../../../../arm-none-eabi/lib/thumb/v7e-m/fpv4-sp/hard\libcr_c.a(remove.o)
 .comment       0x0000007f       0x80 c:/nxp/mcuxpressoide_10.1.1_606/ide/tools/bin/../lib/gcc/arm-none-eabi/6.3.1/../../../../arm-none-eabi/lib/thumb/v7e-m/fpv4-sp/hard\libcr_c.a(_cr_check_heap.o)
 .comment       0x0000007f       0x80 c:/nxp/mcuxpressoide_10.1.1_606/ide/tools/bin/../lib/gcc/arm-none-eabi/6.3.1/../../../../arm-none-eabi/lib/thumb/v7e-m/fpv4-sp/hard\libcr_c.a(_do_fflush.o)
 .comment       0x0000007f       0x80 c:/nxp/mcuxpressoide_10.1.1_606/ide/tools/bin/../lib/gcc/arm-none-eabi/6.3.1/../../../../arm-none-eabi/lib/thumb/v7e-m/fpv4-sp/hard\libcr_nohost_nf.a(__sys_close.o)
 .comment       0x0000007f       0x80 c:/nxp/mcuxpressoide_10.1.1_606/ide/tools/bin/../lib/gcc/arm-none-eabi/6.3.1/../../../../arm-none-eabi/lib/thumb/v7e-m/fpv4-sp/hard\libcr_nohost_nf.a(__sys_flen.o)
 .comment       0x0000007f       0x80 c:/nxp/mcuxpressoide_10.1.1_606/ide/tools/bin/../lib/gcc/arm-none-eabi/6.3.1/../../../../arm-none-eabi/lib/thumb/v7e-m/fpv4-sp/hard\libcr_nohost_nf.a(__sys_istty.o)
 .comment       0x0000007f       0x80 c:/nxp/mcuxpressoide_10.1.1_606/ide/tools/bin/../lib/gcc/arm-none-eabi/6.3.1/../../../../arm-none-eabi/lib/thumb/v7e-m/fpv4-sp/hard\libcr_nohost_nf.a(__sys_remove.o)
 .comment       0x0000007f       0x80 c:/nxp/mcuxpressoide_10.1.1_606/ide/tools/bin/../lib/gcc/arm-none-eabi/6.3.1/../../../../arm-none-eabi/lib/thumb/v7e-m/fpv4-sp/hard\libcr_nohost_nf.a(__sys_seek.o)
 .comment       0x0000007f       0x80 c:/nxp/mcuxpressoide_10.1.1_606/ide/tools/bin/../lib/gcc/arm-none-eabi/6.3.1/../../../../arm-none-eabi/lib/thumb/v7e-m/fpv4-sp/hard\libcr_nohost_nf.a(__sys_tmpnam.o)
 .comment       0x0000007f       0x80 c:/nxp/mcuxpressoide_10.1.1_606/ide/tools/bin/../lib/gcc/arm-none-eabi/6.3.1/../../../../arm-none-eabi/lib/thumb/v7e-m/fpv4-sp/hard\libcr_nohost_nf.a(__sys_write.o)

.ARM.attributes
                0x00000000       0x37
 .ARM.attributes
                0x00000000       0x39 ./utilities/fsl_debug_console.o
 .ARM.attributes
                0x00000039       0x39 ./utilities/fsl_io.o
 .ARM.attributes
                0x00000072       0x39 ./utilities/fsl_log.o
 .ARM.attributes
                0x000000ab       0x39 ./utilities/fsl_str.o
 .ARM.attributes
                0x000000e4       0x39 ./startup/startup_mk64f12.o
 .ARM.attributes
                0x0000011d       0x39 ./source/rtos.o
 .ARM.attributes
                0x00000156       0x39 ./source/rtos_main.o
 .ARM.attributes
                0x0000018f       0x39 ./source/semihost_hardfault.o
 .ARM.attributes
                0x000001c8       0x39 ./drivers/fsl_clock.o
 .ARM.attributes
                0x00000201       0x39 ./drivers/fsl_flash.o
 .ARM.attributes
                0x0000023a       0x39 ./drivers/fsl_gpio.o
 .ARM.attributes
                0x00000273       0x39 ./drivers/fsl_smc.o
 .ARM.attributes
                0x000002ac       0x39 ./drivers/fsl_uart.o
 .ARM.attributes
                0x000002e5       0x39 ./board/board.o
 .ARM.attributes
                0x0000031e       0x39 ./board/clock_config.o
 .ARM.attributes
                0x00000357       0x39 ./board/pin_mux.o
 .ARM.attributes
                0x00000390       0x39 ./CMSIS/system_MK64F12.o
 .ARM.attributes
                0x000003c9       0x39 c:/nxp/mcuxpressoide_10.1.1_606/ide/tools/bin/../lib/gcc/arm-none-eabi/6.3.1/../../../../arm-none-eabi/lib/thumb/v7e-m/fpv4-sp/hard\libcr_nohost_nf.a(_cr__main.o)
 .ARM.attributes
                0x00000402       0x39 c:/nxp/mcuxpressoide_10.1.1_606/ide/tools/bin/../lib/gcc/arm-none-eabi/6.3.1/../../../../arm-none-eabi/lib/thumb/v7e-m/fpv4-sp/hard\libcr_nohost_nf.a(_cr_assert.o)
 .ARM.attributes
                0x0000043b       0x39 c:/nxp/mcuxpressoide_10.1.1_606/ide/tools/bin/../lib/gcc/arm-none-eabi/6.3.1/../../../../arm-none-eabi/lib/thumb/v7e-m/fpv4-sp/hard\libcr_nohost_nf.a(__ciob.o)
 .ARM.attributes
                0x00000474       0x39 c:/nxp/mcuxpressoide_10.1.1_606/ide/tools/bin/../lib/gcc/arm-none-eabi/6.3.1/../../../../arm-none-eabi/lib/thumb/v7e-m/fpv4-sp/hard\libcr_nohost_nf.a(__sys_appexit.o)
 .ARM.attributes
                0x000004ad       0x39 c:/nxp/mcuxpressoide_10.1.1_606/ide/tools/bin/../lib/gcc/arm-none-eabi/6.3.1/../../../../arm-none-eabi/lib/thumb/v7e-m/fpv4-sp/hard\libcr_c.a(memcpy.o)
 .ARM.attributes
                0x000004e6       0x39 c:/nxp/mcuxpressoide_10.1.1_606/ide/tools/bin/../lib/gcc/arm-none-eabi/6.3.1/../../../../arm-none-eabi/lib/thumb/v7e-m/fpv4-sp/hard\libcr_c.a(memset.o)
 .ARM.attributes
                0x0000051f       0x39 c:/nxp/mcuxpressoide_10.1.1_606/ide/tools/bin/../lib/gcc/arm-none-eabi/6.3.1/../../../../arm-none-eabi/lib/thumb/v7e-m/fpv4-sp/hard\libcr_c.a(_deferredlazyseek.o)
 .ARM.attributes
                0x00000558       0x39 c:/nxp/mcuxpressoide_10.1.1_606/ide/tools/bin/../lib/gcc/arm-none-eabi/6.3.1/../../../../arm-none-eabi/lib/thumb/v7e-m/fpv4-sp/hard\libcr_c.a(_fflush.o)
 .ARM.attributes
                0x00000591       0x39 c:/nxp/mcuxpressoide_10.1.1_606/ide/tools/bin/../lib/gcc/arm-none-eabi/6.3.1/../../../../arm-none-eabi/lib/thumb/v7e-m/fpv4-sp/hard\libcr_c.a(_writebuf.o)
 .ARM.attributes
                0x000005ca       0x39 c:/nxp/mcuxpressoide_10.1.1_606/ide/tools/bin/../lib/gcc/arm-none-eabi/6.3.1/../../../../arm-none-eabi/lib/thumb/v7e-m/fpv4-sp/hard\libcr_c.a(alloc.o)
 .ARM.attributes
                0x00000603       0x39 c:/nxp/mcuxpressoide_10.1.1_606/ide/tools/bin/../lib/gcc/arm-none-eabi/6.3.1/../../../../arm-none-eabi/lib/thumb/v7e-m/fpv4-sp/hard\libcr_c.a(fputs.o)
 .ARM.attributes
                0x0000063c       0x39 c:/nxp/mcuxpressoide_10.1.1_606/ide/tools/bin/../lib/gcc/arm-none-eabi/6.3.1/../../../../arm-none-eabi/lib/thumb/v7e-m/fpv4-sp/hard\libcr_c.a(fseek.o)
 .ARM.attributes
                0x00000675       0x39 c:/nxp/mcuxpressoide_10.1.1_606/ide/tools/bin/../lib/gcc/arm-none-eabi/6.3.1/../../../../arm-none-eabi/lib/thumb/v7e-m/fpv4-sp/hard\libcr_c.a(ftell.o)
 .ARM.attributes
                0x000006ae       0x39 c:/nxp/mcuxpressoide_10.1.1_606/ide/tools/bin/../lib/gcc/arm-none-eabi/6.3.1/../../../../arm-none-eabi/lib/thumb/v7e-m/fpv4-sp/hard\libcr_c.a(initio.o)
 .ARM.attributes
                0x000006e7       0x39 c:/nxp/mcuxpressoide_10.1.1_606/ide/tools/bin/../lib/gcc/arm-none-eabi/6.3.1/../../../../arm-none-eabi/lib/thumb/v7e-m/fpv4-sp/hard\libcr_c.a(setvbuf.o)
 .ARM.attributes
                0x00000720       0x39 c:/nxp/mcuxpressoide_10.1.1_606/ide/tools/bin/../lib/gcc/arm-none-eabi/6.3.1/../../../../arm-none-eabi/lib/thumb/v7e-m/fpv4-sp/hard\libcr_c.a(strlen.o)
 .ARM.attributes
                0x00000759       0x39 c:/nxp/mcuxpressoide_10.1.1_606/ide/tools/bin/../lib/gcc/arm-none-eabi/6.3.1/../../../../arm-none-eabi/lib/thumb/v7e-m/fpv4-sp/hard\libcr_c.a(__init_alloc.o)
 .ARM.attributes
                0x00000792       0x39 c:/nxp/mcuxpressoide_10.1.1_606/ide/tools/bin/../lib/gcc/arm-none-eabi/6.3.1/../../../../arm-none-eabi/lib/thumb/v7e-m/fpv4-sp/hard\libcr_c.a(_cr_sbrk.o)
 .ARM.attributes
                0x000007cb       0x39 c:/nxp/mcuxpressoide_10.1.1_606/ide/tools/bin/../lib/gcc/arm-none-eabi/6.3.1/../../../../arm-none-eabi/lib/thumb/v7e-m/fpv4-sp/hard\libcr_c.a(_fdopen.o)
 .ARM.attributes
                0x00000804       0x39 c:/nxp/mcuxpressoide_10.1.1_606/ide/tools/bin/../lib/gcc/arm-none-eabi/6.3.1/../../../../arm-none-eabi/lib/thumb/v7e-m/fpv4-sp/hard\libcr_c.a(errno.o)
 .ARM.attributes
                0x0000083d       0x39 c:/nxp/mcuxpressoide_10.1.1_606/ide/tools/bin/../lib/gcc/arm-none-eabi/6.3.1/../../../../arm-none-eabi/lib/thumb/v7e-m/fpv4-sp/hard\libcr_c.a(fclose.o)
 .ARM.attributes
                0x00000876       0x39 c:/nxp/mcuxpressoide_10.1.1_606/ide/tools/bin/../lib/gcc/arm-none-eabi/6.3.1/../../../../arm-none-eabi/lib/thumb/v7e-m/fpv4-sp/hard\libcr_c.a(fflush.o)
 .ARM.attributes
                0x000008af       0x39 c:/nxp/mcuxpressoide_10.1.1_606/ide/tools/bin/../lib/gcc/arm-none-eabi/6.3.1/../../../../arm-none-eabi/lib/thumb/v7e-m/fpv4-sp/hard\libcr_c.a(remove.o)
 .ARM.attributes
                0x000008e8       0x39 c:/nxp/mcuxpressoide_10.1.1_606/ide/tools/bin/../lib/gcc/arm-none-eabi/6.3.1/../../../../arm-none-eabi/lib/thumb/v7e-m/fpv4-sp/hard\libcr_c.a(_cr_check_heap.o)
 .ARM.attributes
                0x00000921       0x39 c:/nxp/mcuxpressoide_10.1.1_606/ide/tools/bin/../lib/gcc/arm-none-eabi/6.3.1/../../../../arm-none-eabi/lib/thumb/v7e-m/fpv4-sp/hard\libcr_c.a(_do_fflush.o)
 .ARM.attributes
                0x0000095a       0x25 c:/nxp/mcuxpressoide_10.1.1_606/ide/tools/bin/../lib/gcc/arm-none-eabi/6.3.1/thumb/v7e-m/fpv4-sp/hard\libcr_eabihelpers.a(division_64.o)
 .ARM.attributes
                0x0000097f       0x25 c:/nxp/mcuxpressoide_10.1.1_606/ide/tools/bin/../lib/gcc/arm-none-eabi/6.3.1/thumb/v7e-m/fpv4-sp/hard\libcr_eabihelpers.a(division_idiv0.o)
 .ARM.attributes
                0x000009a4       0x25 c:/nxp/mcuxpressoide_10.1.1_606/ide/tools/bin/../lib/gcc/arm-none-eabi/6.3.1/thumb/v7e-m/fpv4-sp/hard\libcr_eabihelpers.a(memcpy.o)
 .ARM.attributes
                0x000009c9       0x39 c:/nxp/mcuxpressoide_10.1.1_606/ide/tools/bin/../lib/gcc/arm-none-eabi/6.3.1/../../../../arm-none-eabi/lib/thumb/v7e-m/fpv4-sp/hard\libcr_nohost_nf.a(__sys_close.o)
 .ARM.attributes
                0x00000a02       0x39 c:/nxp/mcuxpressoide_10.1.1_606/ide/tools/bin/../lib/gcc/arm-none-eabi/6.3.1/../../../../arm-none-eabi/lib/thumb/v7e-m/fpv4-sp/hard\libcr_nohost_nf.a(__sys_flen.o)
 .ARM.attributes
                0x00000a3b       0x39 c:/nxp/mcuxpressoide_10.1.1_606/ide/tools/bin/../lib/gcc/arm-none-eabi/6.3.1/../../../../arm-none-eabi/lib/thumb/v7e-m/fpv4-sp/hard\libcr_nohost_nf.a(__sys_istty.o)
 .ARM.attributes
                0x00000a74       0x39 c:/nxp/mcuxpressoide_10.1.1_606/ide/tools/bin/../lib/gcc/arm-none-eabi/6.3.1/../../../../arm-none-eabi/lib/thumb/v7e-m/fpv4-sp/hard\libcr_nohost_nf.a(__sys_remove.o)
 .ARM.attributes
                0x00000aad       0x39 c:/nxp/mcuxpressoide_10.1.1_606/ide/tools/bin/../lib/gcc/arm-none-eabi/6.3.1/../../../../arm-none-eabi/lib/thumb/v7e-m/fpv4-sp/hard\libcr_nohost_nf.a(__sys_seek.o)
 .ARM.attributes
                0x00000ae6       0x39 c:/nxp/mcuxpressoide_10.1.1_606/ide/tools/bin/../lib/gcc/arm-none-eabi/6.3.1/../../../../arm-none-eabi/lib/thumb/v7e-m/fpv4-sp/hard\libcr_nohost_nf.a(__sys_tmpnam.o)
 .ARM.attributes
                0x00000b1f       0x39 c:/nxp/mcuxpressoide_10.1.1_606/ide/tools/bin/../lib/gcc/arm-none-eabi/6.3.1/../../../../arm-none-eabi/lib/thumb/v7e-m/fpv4-sp/hard\libcr_nohost_nf.a(__sys_write.o)

.debug_frame    0x00000000     0x29d4
 .debug_frame   0x00000000      0x150 ./utilities/fsl_debug_console.o
 .debug_frame   0x00000150       0xe0 ./utilities/fsl_io.o
 .debug_frame   0x00000230      0x120 ./utilities/fsl_log.o
 .debug_frame   0x00000350       0xb4 ./utilities/fsl_str.o
 .debug_frame   0x00000404      0x904 ./startup/startup_mk64f12.o
 .debug_frame   0x00000d08      0x2b4 ./source/rtos.o
 .debug_frame   0x00000fbc       0x8c ./source/rtos_main.o
 .debug_frame   0x00001048       0x20 ./source/semihost_hardfault.o
 .debug_frame   0x00001068      0x820 ./drivers/fsl_clock.o
 .debug_frame   0x00001888      0x60c ./drivers/fsl_flash.o
 .debug_frame   0x00001e94       0xec ./drivers/fsl_gpio.o
 .debug_frame   0x00001f80      0x220 ./drivers/fsl_smc.o
 .debug_frame   0x000021a0      0x5ec ./drivers/fsl_uart.o
 .debug_frame   0x0000278c       0x34 ./board/board.o
 .debug_frame   0x000027c0      0x124 ./board/clock_config.o
 .debug_frame   0x000028e4       0x98 ./board/pin_mux.o
 .debug_frame   0x0000297c       0x58 ./CMSIS/system_MK64F12.o

.debug_ranges   0x00000000       0x78
 .debug_ranges  0x00000000       0x78 ./startup/startup_mk64f12.o
