Archive member included to satisfy reference by file (symbol)

c:/nxp/mcuxpressoide_10.1.1_606/ide/tools/bin/../lib/gcc/arm-none-eabi/6.3.1/../../../../arm-none-eabi/lib/thumb/v7e-m/fpv4-sp/hard\libcr_semihost_nf.a(_cr__main.o)
                              ./startup/startup_mk64f12.o (__main)
c:/nxp/mcuxpressoide_10.1.1_606/ide/tools/bin/../lib/gcc/arm-none-eabi/6.3.1/../../../../arm-none-eabi/lib/thumb/v7e-m/fpv4-sp/hard\libcr_semihost_nf.a(_cr_assert.o)
                              ./utilities/fsl_debug_console.o (__assertion_failed)
c:/nxp/mcuxpressoide_10.1.1_606/ide/tools/bin/../lib/gcc/arm-none-eabi/6.3.1/../../../../arm-none-eabi/lib/thumb/v7e-m/fpv4-sp/hard\libcr_semihost_nf.a(__ciob.o)
                              c:/nxp/mcuxpressoide_10.1.1_606/ide/tools/bin/../lib/gcc/arm-none-eabi/6.3.1/../../../../arm-none-eabi/lib/thumb/v7e-m/fpv4-sp/hard\libcr_semihost_nf.a(_cr_assert.o) (__Ciob)
c:/nxp/mcuxpressoide_10.1.1_606/ide/tools/bin/../lib/gcc/arm-none-eabi/6.3.1/../../../../arm-none-eabi/lib/thumb/v7e-m/fpv4-sp/hard\libcr_semihost_nf.a(__sys_appexit.o)
                              c:/nxp/mcuxpressoide_10.1.1_606/ide/tools/bin/../lib/gcc/arm-none-eabi/6.3.1/../../../../arm-none-eabi/lib/thumb/v7e-m/fpv4-sp/hard\libcr_semihost_nf.a(_cr_assert.o) (__sys_appexit)
c:/nxp/mcuxpressoide_10.1.1_606/ide/tools/bin/../lib/gcc/arm-none-eabi/6.3.1/../../../../arm-none-eabi/lib/thumb/v7e-m/fpv4-sp/hard\libcr_c.a(memcpy.o)
                              ./freertos/source/queue.o (memcpy)
c:/nxp/mcuxpressoide_10.1.1_606/ide/tools/bin/../lib/gcc/arm-none-eabi/6.3.1/../../../../arm-none-eabi/lib/thumb/v7e-m/fpv4-sp/hard\libcr_c.a(memset.o)
                              ./freertos/source/tasks.o (memset)
c:/nxp/mcuxpressoide_10.1.1_606/ide/tools/bin/../lib/gcc/arm-none-eabi/6.3.1/../../../../arm-none-eabi/lib/thumb/v7e-m/fpv4-sp/hard\libcr_c.a(_deferredlazyseek.o)
                              c:/nxp/mcuxpressoide_10.1.1_606/ide/tools/bin/../lib/gcc/arm-none-eabi/6.3.1/../../../../arm-none-eabi/lib/thumb/v7e-m/fpv4-sp/hard\libcr_semihost_nf.a(_cr_assert.o) (__flsbuf)
c:/nxp/mcuxpressoide_10.1.1_606/ide/tools/bin/../lib/gcc/arm-none-eabi/6.3.1/../../../../arm-none-eabi/lib/thumb/v7e-m/fpv4-sp/hard\libcr_c.a(_fflush.o)
                              c:/nxp/mcuxpressoide_10.1.1_606/ide/tools/bin/../lib/gcc/arm-none-eabi/6.3.1/../../../../arm-none-eabi/lib/thumb/v7e-m/fpv4-sp/hard\libcr_c.a(_deferredlazyseek.o) (_fflush)
c:/nxp/mcuxpressoide_10.1.1_606/ide/tools/bin/../lib/gcc/arm-none-eabi/6.3.1/../../../../arm-none-eabi/lib/thumb/v7e-m/fpv4-sp/hard\libcr_c.a(_writebuf.o)
                              c:/nxp/mcuxpressoide_10.1.1_606/ide/tools/bin/../lib/gcc/arm-none-eabi/6.3.1/../../../../arm-none-eabi/lib/thumb/v7e-m/fpv4-sp/hard\libcr_c.a(_deferredlazyseek.o) (_Cwritebuf)
c:/nxp/mcuxpressoide_10.1.1_606/ide/tools/bin/../lib/gcc/arm-none-eabi/6.3.1/../../../../arm-none-eabi/lib/thumb/v7e-m/fpv4-sp/hard\libcr_c.a(alloc.o)
                              c:/nxp/mcuxpressoide_10.1.1_606/ide/tools/bin/../lib/gcc/arm-none-eabi/6.3.1/../../../../arm-none-eabi/lib/thumb/v7e-m/fpv4-sp/hard\libcr_c.a(_deferredlazyseek.o) (_Csys_alloc)
c:/nxp/mcuxpressoide_10.1.1_606/ide/tools/bin/../lib/gcc/arm-none-eabi/6.3.1/../../../../arm-none-eabi/lib/thumb/v7e-m/fpv4-sp/hard\libcr_c.a(fputs.o)
                              c:/nxp/mcuxpressoide_10.1.1_606/ide/tools/bin/../lib/gcc/arm-none-eabi/6.3.1/../../../../arm-none-eabi/lib/thumb/v7e-m/fpv4-sp/hard\libcr_semihost_nf.a(_cr_assert.o) (fputs)
c:/nxp/mcuxpressoide_10.1.1_606/ide/tools/bin/../lib/gcc/arm-none-eabi/6.3.1/../../../../arm-none-eabi/lib/thumb/v7e-m/fpv4-sp/hard\libcr_c.a(fseek.o)
                              c:/nxp/mcuxpressoide_10.1.1_606/ide/tools/bin/../lib/gcc/arm-none-eabi/6.3.1/../../../../arm-none-eabi/lib/thumb/v7e-m/fpv4-sp/hard\libcr_c.a(_deferredlazyseek.o) (fseek)
c:/nxp/mcuxpressoide_10.1.1_606/ide/tools/bin/../lib/gcc/arm-none-eabi/6.3.1/../../../../arm-none-eabi/lib/thumb/v7e-m/fpv4-sp/hard\libcr_c.a(ftell.o)
                              c:/nxp/mcuxpressoide_10.1.1_606/ide/tools/bin/../lib/gcc/arm-none-eabi/6.3.1/../../../../arm-none-eabi/lib/thumb/v7e-m/fpv4-sp/hard\libcr_c.a(fseek.o) (ftell)
c:/nxp/mcuxpressoide_10.1.1_606/ide/tools/bin/../lib/gcc/arm-none-eabi/6.3.1/../../../../arm-none-eabi/lib/thumb/v7e-m/fpv4-sp/hard\libcr_c.a(initio.o)
                              c:/nxp/mcuxpressoide_10.1.1_606/ide/tools/bin/../lib/gcc/arm-none-eabi/6.3.1/../../../../arm-none-eabi/lib/thumb/v7e-m/fpv4-sp/hard\libcr_semihost_nf.a(_cr__main.o) (_initio)
c:/nxp/mcuxpressoide_10.1.1_606/ide/tools/bin/../lib/gcc/arm-none-eabi/6.3.1/../../../../arm-none-eabi/lib/thumb/v7e-m/fpv4-sp/hard\libcr_c.a(printf.o)
                              ./source/PRUEBA_SPI.o (_printf)
c:/nxp/mcuxpressoide_10.1.1_606/ide/tools/bin/../lib/gcc/arm-none-eabi/6.3.1/../../../../arm-none-eabi/lib/thumb/v7e-m/fpv4-sp/hard\libcr_c.a(setvbuf.o)
[...]
Memory Configuration

Name             Origin             Length             Attributes
PROGRAM_FLASH    0x00000000         0x00100000         xr
SRAM_UPPER       0x20000000         0x00030000         xrw
SRAM_LOWER       0x1fff0000         0x00010000         xrw
FLEX_RAM         0x14000000         0x00001000         xrw
*default*        0x00000000         0xffffffff

Linker script and memory map

LOAD ./utilities/fsl_debug_console.o
LOAD ./utilities/fsl_io.o
LOAD ./utilities/fsl_log.o
LOAD ./utilities/fsl_str.o
LOAD ./startup/startup_mk64f12.o
LOAD ./source/PRUEBA_SPI.o
LOAD ./source/semihost_hardfault.o
LOAD ./freertos/source/croutine.o
LOAD ./freertos/source/event_groups.o
LOAD ./freertos/source/list.o
LOAD ./freertos/source/queue.o
LOAD ./freertos/source/tasks.o
LOAD ./freertos/source/timers.o
LOAD ./freertos/portable/fsl_tickless_systick.o
LOAD ./freertos/portable/heap_4.o
LOAD ./freertos/portable/port.o
LOAD ./drivers/fsl_clock.o
LOAD ./drivers/fsl_common.o
LOAD ./drivers/fsl_dspi.o
LOAD ./drivers/fsl_flash.o
LOAD ./drivers/fsl_gpio.o
LOAD ./drivers/fsl_smc.o
LOAD ./drivers/fsl_uart.o
LOAD ./board/board.o
LOAD ./board/clock_config.o
LOAD ./board/peripherals.o
LOAD ./board/pin_mux.o
LOAD ./CMSIS/system_MK64F12.o
START GROUP
LOAD c:/nxp/mcuxpressoide_10.1.1_606/ide/tools/bin/../lib/gcc/arm-none-eabi/6.3.1/../../../../arm-none-eabi/lib/thumb/v7e-m/fpv4-sp/hard\libcr_semihost_nf.a
LOAD c:/nxp/mcuxpressoide_10.1.1_606/ide/tools/bin/../lib/gcc/arm-none-eabi/6.3.1/../../../../arm-none-eabi/lib/thumb/v7e-m/fpv4-sp/hard\libcr_c.a
LOAD c:/nxp/mcuxpressoide_10.1.1_606/ide/tools/bin/../lib/gcc/arm-none-eabi/6.3.1/thumb/v7e-m/fpv4-sp/hard\libcr_eabihelpers.a
END GROUP
                0x00000000                __base_PROGRAM_FLASH = 0x0
                0x00000000                __base_Flash = 0x0
                0x00100000                __top_PROGRAM_FLASH = 0x100000
                0x00100000                __top_Flash = 0x100000
                0x20000000                __base_SRAM_UPPER = 0x20000000
                0x20000000                __base_RAM = 0x20000000
                0x20030000                __top_SRAM_UPPER = 0x20030000
                0x20030000                __top_RAM = 0x20030000
                0x1fff0000                __base_SRAM_LOWER = 0x1fff0000
                0x1fff0000                __base_RAM2 = 0x1fff0000
                0x20000000                __top_SRAM_LOWER = 0x20000000
                0x20000000                __top_RAM2 = 0x20000000
                0x14000000                __base_FLEX_RAM = 0x14000000
                0x14000000                __base_RAM3 = 0x14000000
                0x14001000                __top_FLEX_RAM = 0x14001000
                0x14001000                __top_RAM3 = 0x14001000

.text           0x00000000     0xdff4
 FILL mask 0xff
                0x00000000                __vectors_start__ = ABSOLUTE (.)
 *(.isr_vector)
 .isr_vector    0x00000000      0x198 ./startup/startup_mk64f12.o
                0x00000000                g_pfnVectors
                0x00000000                __Vectors
                0x00000198                . = ALIGN (0x4)
                0x00000198                __section_table_start = .
                0x00000198                __data_section_table = .
                0x00000198        0x4 LONG 0xdff4 LOADADDR (.data)
                0x0000019c        0x4 LONG 0x20000000 ADDR (.data)
                0x000001a0        0x4 LONG 0x10 SIZEOF (.data)
                0x000001a4        0x4 LONG 0xdff4 LOADADDR (.data_RAM2)
                0x000001a8        0x4 LONG 0x1fff0000 ADDR (.data_RAM2)
                0x000001ac        0x4 LONG 0x0 SIZEOF (.data_RAM2)
                0x000001b0        0x4 LONG 0xdff4 LOADADDR (.data_RAM3)
                0x000001b4        0x4 LONG 0x14000000 ADDR (.data_RAM3)
                0x000001b8        0x4 LONG 0x0 SIZEOF (.data_RAM3)
                0x000001bc                __data_section_table_end = .
                0x000001bc                __bss_section_table = .
                0x000001bc        0x4 LONG 0x20000010 ADDR (.bss)
                0x000001c0        0x4 LONG 0x2b40 SIZEOF (.bss)
                0x000001c4        0x4 LONG 0x1fff0000 ADDR (.bss_RAM2)
                0x000001c8        0x4 LONG 0x0 SIZEOF (.bss_RAM2)
                0x000001cc        0x4 LONG 0x14000000 ADDR (.bss_RAM3)
                0x000001d0        0x4 LONG 0x0 SIZEOF (.bss_RAM3)
                0x000001d4                __bss_section_table_end = .
                0x000001d4                __section_table_end = .
 *(.after_vectors*)
 .after_vectors.init_data
                0x000001d4       0x1e ./startup/startup_mk64f12.o
                0x000001d4                data_init
 .after_vectors.init_bss
                0x000001f2       0x12 ./startup/startup_mk64f12.o
                0x000001f2                bss_init
 .after_vectors.reset
                0x00000204       0x4c ./startup/startup_mk64f12.o
                0x00000204                ResetISR
 .after_vectors
                0x00000250       0x14 ./startup/startup_mk64f12.o
                0x00000250                NMI_Handler
                0x00000254                MemManage_Handler
                0x00000256                BusFault_Handler
                0x00000258                UsageFault_Handler
                0x0000025c                DebugMon_Handler
                0x00000262                DMA_Error_DriverIRQHandler
                0x00000262                LPTMR0_DriverIRQHandler
                0x00000262                FTM1_DriverIRQHandler
                0x00000262                FTM2_DriverIRQHandler
                0x00000262                PIT2_DriverIRQHandler
                0x00000262                SDHC_DriverIRQHandler
                0x00000262                I2S0_Tx_DriverIRQHandler
                0x00000262                RTC_Seconds_DriverIRQHandler
                0x00000262                DMA6_DriverIRQHandler
                0x00000262                LLWU_DriverIRQHandler
                0x00000262                MCM_DriverIRQHandler
                0x00000262                MCG_DriverIRQHandler
                0x00000262                ENET_1588_Timer_DriverIRQHandler
                0x00000262                I2C2_DriverIRQHandler
                0x00000262                DAC1_DriverIRQHandler
                0x00000262                DMA12_DriverIRQHandler
                0x00000262                CMP1_DriverIRQHandler
                0x00000262                FTM0_DriverIRQHandler
                0x00000262                IntDefaultHandler
                0x00000262                USB0_DriverIRQHandler
                0x00000262                UART5_ERR_DriverIRQHandler
                0x00000262                PORTC_DriverIRQHandler
                0x00000262                DMA11_DriverIRQHandler
                0x00000262                DAC0_DriverIRQHandler
                0x00000262                DMA10_DriverIRQHandler
                0x00000262                CMP2_DriverIRQHandler
                0x00000262                UART2_ERR_DriverIRQHandler
                0x00000262                LVD_LVW_DriverIRQHandler
                0x00000262                PIT0_DriverIRQHandler
                0x00000262                RNG_DriverIRQHandler
                0x00000262                PORTB_DriverIRQHandler
                0x00000262                DMA4_DriverIRQHandler
                0x00000262                USBDCD_DriverIRQHandler
                0x00000262                UART3_ERR_DriverIRQHandler
                0x00000262                DMA3_DriverIRQHandler
                0x00000262                DMA8_DriverIRQHandler
                0x00000262                DMA9_DriverIRQHandler
                0x00000262                UART0_ERR_DriverIRQHandler
                0x00000262                CMT_DriverIRQHandler
                0x00000262                Reserved71_DriverIRQHandler
                0x00000262                ADC1_DriverIRQHandler
                0x00000262                PORTA_DriverIRQHandler
                0x00000262                DMA14_DriverIRQHandler
                0x00000262                PIT3_DriverIRQHandler
                0x00000262                PIT1_DriverIRQHandler
                0x00000262                WDOG_EWM_DriverIRQHandler
                0x00000262                PDB0_DriverIRQHandler
                0x00000262                RTC_DriverIRQHandler
                0x00000262                I2S0_Rx_DriverIRQHandler
                0x00000262                Read_Collision_DriverIRQHandler
                0x00000262                SWI_DriverIRQHandler
                0x00000262                UART4_ERR_DriverIRQHandler
                0x00000262                DMA0_DriverIRQHandler
                0x00000262                UART0_LON_DriverIRQHandler
                0x00000262                DMA1_DriverIRQHandler
                0x00000262                I2C1_DriverIRQHandler
                0x00000262                ENET_Receive_DriverIRQHandler
                0x00000262                DMA13_DriverIRQHandler
                0x00000262                ENET_Error_DriverIRQHandler
                0x00000262                DMA15_DriverIRQHandler
                0x00000262                ADC0_DriverIRQHandler
                0x00000262                CMP0_DriverIRQHandler
                0x00000262                CAN0_DriverIRQHandler
                0x00000262                FTM3_DriverIRQHandler
                0x00000262                DMA5_DriverIRQHandler
                0x00000262                UART1_ERR_DriverIRQHandler
                0x00000262                DMA2_DriverIRQHandler
                0x00000262                ENET_Transmit_DriverIRQHandler
                0x00000262                PORTD_DriverIRQHandler
                0x00000262                PORTE_DriverIRQHandler
                0x00000262                FTFE_DriverIRQHandler
                0x00000262                I2C0_DriverIRQHandler
                0x00000262                DMA7_DriverIRQHandler
                0x00000400                . = 0x400
 *fill*         0x00000264      0x19c ff
                0x00000400                PROVIDE (__FLASH_CONFIG_START__, .)
 *(.FlashConfig)
 .FlashConfig   0x00000400       0x10 ./startup/startup_mk64f12.o
                0x00000400                Flash_Config
                0x00000410                PROVIDE (__FLASH_CONFIG_END__, .)
                0x00000001                ASSERT (! ((__FLASH_CONFIG_START__ == __FLASH_CONFIG_END__)), Linker Flash Config Support Enabled, but no .FlashConfig section provided within application)
 *(.text*)
 .text          0x00000410       0x54 ./utilities/fsl_debug_console.o
                0x00000410                DbgConsole_Init
                0x00000448                DbgConsole_Deinit
                0x00000456                DbgConsole_Flush
 .text          0x00000464      0x1cc ./utilities/fsl_io.o
                0x000004e4                IO_Init
                0x00000564                IO_Deinit
                0x000005a4                IO_WaitIdle
                0x000005d4                IO_Transfer
 .text          0x00000630      0x1c8 ./utilities/fsl_log.o
                0x00000630                LOG_Init
                0x00000660                LOG_Deinit
                0x0000066c                LOG_WaitIdle
                0x0000067a                LOG_Push
                0x000006a8                LOG_Pop
                0x000006ea                LOG_ReadLine
                0x00000790                LOG_ReadCharacter
 .text          0x000007f8      0x2b0 ./startup/startup_mk64f12.o
                0x000007f8                DMA0_IRQHandler
                0x00000800                DMA1_IRQHandler
                0x00000808                DMA2_IRQHandler
                0x00000810                DMA3_IRQHandler
                0x00000818                DMA4_IRQHandler
                0x00000820                DMA5_IRQHandler
                0x00000828                DMA6_IRQHandler
                0x00000830                DMA7_IRQHandler
                0x00000838                DMA8_IRQHandler
                0x00000840                DMA9_IRQHandler
                0x00000848                DMA10_IRQHandler
                0x00000850                DMA11_IRQHandler
                0x00000858                DMA12_IRQHandler
                0x00000860                DMA13_IRQHandler
                0x00000868                DMA14_IRQHandler
                0x00000870                DMA15_IRQHandler
                0x00000878                DMA_Error_IRQHandler
                0x00000880                MCM_IRQHandler
                0x00000888                FTFE_IRQHandler
                0x00000890                Read_Collision_IRQHandler
                0x00000898                LVD_LVW_IRQHandler
                0x000008a0                LLWU_IRQHandler
                0x000008a8                WDOG_EWM_IRQHandler
                0x000008b0                RNG_IRQHandler
                0x000008b8                I2C0_IRQHandler
                0x000008c0                I2C1_IRQHandler
                0x000008c8                SPI0_IRQHandler
                0x000008d0                SPI1_IRQHandler
                0x000008d8                I2S0_Tx_IRQHandler
                0x000008e0                I2S0_Rx_IRQHandler
                0x000008e8                UART0_LON_IRQHandler
                0x000008f0                UART0_RX_TX_IRQHandler
                0x000008f8                UART0_ERR_IRQHandler
                0x00000900                UART1_RX_TX_IRQHandler
                0x00000908                UART1_ERR_IRQHandler
                0x00000910                UART2_RX_TX_IRQHandler
                0x00000918                UART2_ERR_IRQHandler
                0x00000920                UART3_RX_TX_IRQHandler
                0x00000928                UART3_ERR_IRQHandler
                0x00000930                ADC0_IRQHandler
                0x00000938                CMP0_IRQHandler
                0x00000940                CMP1_IRQHandler
                0x00000948                FTM0_IRQHandler
                0x00000950                FTM1_IRQHandler
                0x00000958                FTM2_IRQHandler
                0x00000960                CMT_IRQHandler
                0x00000968                RTC_IRQHandler
                0x00000970                RTC_Seconds_IRQHandler
                0x00000978                PIT0_IRQHandler
                0x00000980                PIT1_IRQHandler
                0x00000988                PIT2_IRQHandler
                0x00000990                PIT3_IRQHandler
                0x00000998                PDB0_IRQHandler
                0x000009a0                USB0_IRQHandler
                0x000009a8                USBDCD_IRQHandler
                0x000009b0                Reserved71_IRQHandler
                0x000009b8                DAC0_IRQHandler
                0x000009c0                MCG_IRQHandler
                0x000009c8                LPTMR0_IRQHandler
                0x000009d0                PORTA_IRQHandler
                0x000009d8                PORTB_IRQHandler
                0x000009e0                PORTC_IRQHandler
                0x000009e8                PORTD_IRQHandler
                0x000009f0                PORTE_IRQHandler
                0x000009f8                SWI_IRQHandler
                0x00000a00                SPI2_IRQHandler
                0x00000a08                UART4_RX_TX_IRQHandler
                0x00000a10                UART4_ERR_IRQHandler
                0x00000a18                UART5_RX_TX_IRQHandler
                0x00000a20                UART5_ERR_IRQHandler
                0x00000a28                CMP2_IRQHandler
                0x00000a30                FTM3_IRQHandler
                0x00000a38                DAC1_IRQHandler
                0x00000a40                ADC1_IRQHandler
                0x00000a48                I2C2_IRQHandler
                0x00000a50                CAN0_ORed_Message_buffer_IRQHandler
                0x00000a58                CAN0_Bus_Off_IRQHandler
                0x00000a60                CAN0_Error_IRQHandler
                0x00000a68                CAN0_Tx_Warning_IRQHandler
                0x00000a70                CAN0_Rx_Warning_IRQHandler
                0x00000a78                CAN0_Wake_Up_IRQHandler
                0x00000a80                SDHC_IRQHandler
                0x00000a88                ENET_1588_Timer_IRQHandler
                0x00000a90                ENET_Transmit_IRQHandler
                0x00000a98                ENET_Receive_IRQHandler
                0x00000aa0                ENET_Error_IRQHandler
 .text          0x00000aa8       0x48 ./source/PRUEBA_SPI.o
                0x00000aa8                main
 .text          0x00000af0       0x2a ./source/semihost_hardfault.o
                0x00000af0                HardFault_Handler
 .text          0x00000b1a      0x168 ./freertos/source/list.o
                0x00000b1a                vListInitialise
                0x00000b5a                vListInitialiseItem
                0x00000b74                vListInsertEnd
                0x00000bbc                vListInsert
                0x00000c2e                uxListRemove
 *fill*         0x00000c82        0x2 ff
 .text          0x00000c84     0x1078 ./freertos/source/queue.o
                0x00000c84                xQueueGenericReset
                0x00000d54                xQueueGenericCreate
                0x00000e40                xQueueCreateMutex
                0x00000e70                xQueueGiveMutexRecursive
                0x00000ed6                xQueueTakeMutexRecursive
                0x00000f44                xQueueCreateCountingSemaphore
                0x00000fa6                xQueueGenericSend
                0x0000119c                xQueueGenericSendFromISR
                0x000012c4                xQueueGiveFromISR
                0x000013d6                xQueueGenericReceive
                0x000015fc                xQueueReceiveFromISR
                0x000016f6                xQueuePeekFromISR
                0x000017c0                uxQueueMessagesWaiting
                0x000017fa                uxQueueSpacesAvailable
                0x0000183e                uxQueueMessagesWaitingFromISR
                0x00001874                vQueueDelete
                0x000018ae                uxQueueGetQueueNumber
                0x000018c6                vQueueSetQueueNumber
                0x000018e2                ucQueueGetQueueType
                0x00001aec                xQueueIsQueueEmptyFromISR
                0x00001b5e                xQueueIsQueueFullFromISR
                0x00001ba4                vQueueAddToRegistry
                0x00001bf4                pcQueueGetName
                0x00001c40                vQueueUnregisterQueue
                0x00001c94                vQueueWaitForMessageRestricted
 .text          0x00001cfc     0x214c ./freertos/source/tasks.o
                0x00001cfc                xTaskCreate
                0x00001f84                vTaskDelete
                0x000020a0                vTaskDelayUntil
                0x00002194                vTaskDelay
                0x000021fc                eTaskGetState
                0x000022ac                uxTaskPriorityGet
                0x000022e0                uxTaskPriorityGetFromISR
                0x00002338                vTaskPrioritySet
                0x00002494                vTaskSuspend
                0x00002618                vTaskResume
                0x000026d0                xTaskResumeFromISR
                0x000027b0                vTaskStartScheduler
                0x00002848                vTaskEndScheduler
                0x00002878                vTaskSuspendAll
                0x00002894                xTaskResumeAll
                0x000029cc                xTaskGetTickCount
                0x000029ec                xTaskGetTickCountFromISR
                0x00002a10                uxTaskGetNumberOfTasks
                0x00002a28                pcTaskGetName
                0x00002a70                uxTaskGetSystemState
                0x00002b8c                xTaskIncrementTick
                0x00002ce4                vTaskSwitchContext
                0x00002d98                vTaskPlaceOnEventList
                0x00002de0                vTaskPlaceOnUnorderedEventList
                0x00002e54                vTaskPlaceOnEventListRestricted
                0x00002ea8                xTaskRemoveFromEventList
                0x00002f6c                xTaskRemoveFromUnorderedEventList
                0x00003038                vTaskSetTimeOutState
                0x00003080                xTaskCheckForTimeOut
                0x0000313c                vTaskMissedYield
                0x00003154                uxTaskGetTaskNumber
                0x00003180                vTaskSetTaskNumber
                0x000031d4                vTaskSetThreadLocalStoragePointer
                0x00003214                pvTaskGetThreadLocalStoragePointer
                0x00003354                vTaskGetInfo
                0x00003558                xTaskGetCurrentTaskHandle
                0x00003578                xTaskGetSchedulerState
                0x000035b4                vTaskPriorityInherit
                0x000036a0                xTaskPriorityDisinherit
                0x000037a8                uxTaskResetEventItemValue
                0x000037d8                pvTaskIncrementMutexHeldCount
                0x00003800                ulTaskNotifyTake
                0x00003890                xTaskNotifyWait
                0x00003944                xTaskGenericNotify
                0x00003a84                xTaskGenericNotifyFromISR
                0x00003c10                vTaskNotifyGiveFromISR
                0x00003d30                xTaskNotifyStateClear
 .text          0x00003e48      0x89c ./freertos/source/timers.o
                0x00003e48                xTimerCreateTimerTask
                0x00003ea8                xTimerCreate
                0x00003f44                xTimerGenericCommand
                0x00003fdc                xTimerGetTimerDaemonTaskHandle
                0x00004014                xTimerGetPeriod
                0x0000404a                xTimerGetExpiryTime
                0x00004084                pcTimerGetName
                0x00004584                xTimerIsTimerActive
                0x000045cc                pvTimerGetTimerID
                0x0000460a                vTimerSetTimerID
                0x00004648                xTimerPendFunctionCallFromISR
                0x00004688                xTimerPendFunctionCall
 .text          0x000046e4       0x40 ./freertos/portable/fsl_tickless_systick.o
                0x000046e4                vPortSetupTimerInterrupt
 .text          0x00004724      0x3ec ./freertos/portable/heap_4.o
                0x00004724                pvPortMalloc
                0x000048a8                vPortFree
                0x00004958                xPortGetFreeHeapSize
                0x00004970                xPortGetMinimumEverFreeHeapSize
                0x00004988                vPortInitialiseBlocks
 .text          0x00004b10      0x41c ./freertos/portable/port.o
                0x00004b10                pxPortInitialiseStack
                0x00004bb4                SVC_Handler
                0x00004bf2                xPortStartScheduler
                0x00004d0c                vPortEndScheduler
                0x00004d40                vPortEnterCritical
                0x00004d9c                vPortExitCritical
                0x00004dec                PendSV_Handler
                0x00004e56                SysTick_Handler
                0x00004ea8                vPortValidateInterruptPriority
 .text          0x00004f2c     0x1aa8 ./drivers/fsl_clock.o
                0x0000506c                CLOCK_FllStableDelay
                0x00005294                CLOCK_GetOsc0ErClkFreq
                0x000052cc                CLOCK_GetEr32kClkFreq
                0x0000533c                CLOCK_GetPllFllSelClkFreq
                0x00005390                CLOCK_GetPlatClkFreq
                0x000053b8                CLOCK_GetFlashClkFreq
                0x000053e0                CLOCK_GetFlexBusClkFreq
                0x00005408                CLOCK_GetBusClkFreq
                0x00005430                CLOCK_GetCoreSysClkFreq
                0x00005458                CLOCK_GetFreq
                0x000055a0                CLOCK_SetSimConfig
                0x000055d8                CLOCK_EnableUsbfs0Clock
                0x000056d8                CLOCK_GetOutClkFreq
                0x0000573c                CLOCK_GetFllFreq
                0x000057b8                CLOCK_GetInternalRefClkFreq
                0x000057dc                CLOCK_GetFixedFreqClkFreq
                0x0000580a                CLOCK_GetPll0Freq
                0x00005870                CLOCK_SetExternalRefClkConfig
                0x000058dc                CLOCK_SetInternalRefClkConfig
                0x000059e0                CLOCK_CalcPllDiv
                0x00005b4c                CLOCK_EnablePll0
                0x00005bd0                CLOCK_SetOsc0MonitorMode
                0x00005c4c                CLOCK_SetRtcOscMonitorMode
                0x00005c98                CLOCK_SetPll0MonitorMode
                0x00005d0c                CLOCK_GetStatusFlags
                0x00005d90                CLOCK_ClearStatusFlags
                0x00005de8                CLOCK_InitOsc0
                0x00005e74                CLOCK_DeinitOsc0
                0x00005ea0                CLOCK_TrimInternalRefClk
                0x00005fd8                CLOCK_GetMode
                0x00006094                CLOCK_SetFeiMode
                0x00006154                CLOCK_SetFeeMode
                0x00006260                CLOCK_SetFbiMode
                0x00006330                CLOCK_SetFbeMode
                0x0000645c                CLOCK_SetBlpiMode
                0x00006480                CLOCK_SetBlpeMode
                0x000064a4                CLOCK_SetPbeMode
                0x0000654c                CLOCK_SetPeeMode
                0x00006584                CLOCK_ExternalModeToFbeModeQuick
                0x000065f0                CLOCK_InternalModeToFbiModeQuick
                0x0000663c                CLOCK_BootToFeiMode
                0x00006662                CLOCK_BootToFeeMode
                0x0000669e                CLOCK_BootToBlpiMode
                0x00006704                CLOCK_BootToBlpeMode
                0x00006788                CLOCK_BootToPeeMode
                0x000067ec                CLOCK_SetMcgConfig
 .text          0x000069d4     0x2014 ./drivers/fsl_dspi.o
                0x00006cce                DSPI_GetInstance
                0x00006d18                DSPI_SetDummyData
                0x00006d44                DSPI_MasterInit
                0x00006eb0                DSPI_MasterGetDefaultConfig
                0x00006f38                DSPI_SlaveInit
                0x00007030                DSPI_SlaveGetDefaultConfig
                0x00007080                DSPI_Deinit
                0x00007106                DSPI_MasterSetBaudRate
                0x00007224                DSPI_MasterSetDelayScaler
                0x000072f6                DSPI_MasterSetDelayTimes
                0x00007420                DSPI_GetDefaultDataCommandConfig
                0x00007460                DSPI_MasterWriteDataBlocking
                0x00007504                DSPI_MasterWriteCommandDataBlocking
                0x0000755a                DSPI_SlaveWriteDataBlocking
                0x000075b0                DSPI_EnableInterrupts
                0x000075fe                DSPI_MasterTransferCreateHandle
                0x00007650                DSPI_MasterTransferBlocking
                0x00007c28                DSPI_MasterTransferNonBlocking
                0x00007cdc                DSPI_MasterHalfDuplexTransferBlocking
                0x00007dac                DSPI_MasterHalfDuplexTransferNonBlocking
                0x00007e90                DSPI_MasterTransferGetCount
                0x00008118                DSPI_MasterTransferAbort
                0x00008154                DSPI_MasterTransferHandleIRQ
                0x000082b8                DSPI_SlaveTransferCreateHandle
                0x00008308                DSPI_SlaveTransferNonBlocking
                0x00008444                DSPI_SlaveTransferGetCount
                0x00008644                DSPI_SlaveTransferAbort
                0x0000868c                DSPI_SlaveTransferHandleIRQ
                0x00008958                SPI0_DriverIRQHandler
                0x00008988                SPI1_DriverIRQHandler
                0x000089b8                SPI2_DriverIRQHandler
 .text          0x000089e8     0x146c ./drivers/fsl_flash.o
                0x000089e8                FLASH_Init
                0x00008aa8                FLASH_PrepareExecuteInRamFunctions
                0x00008aec                FLASH_EraseAll
                0x00008b40                FLASH_Erase
                0x00008c14                FLASH_EraseAllExecuteOnlySegments
                0x00008c68                FLASH_Program
                0x00008d38                FLASH_ProgramOnce
                0x00008da4                FLASH_ProgramSection
                0x00008ef0                FLASH_ReadResource
                0x00008fc8                FLASH_ReadOnce
                0x00009028                FLASH_GetSecurityState
                0x00009090                FLASH_SecurityBypass
                0x00009134                FLASH_VerifyEraseAll
                0x00009170                FLASH_VerifyErase
                0x00009260                FLASH_VerifyProgram
                0x00009328                FLASH_VerifyEraseAllExecuteOnlySegments
                0x00009364                FLASH_IsProtected
                0x000095b0                FLASH_IsExecuteOnly
                0x000095f0                FLASH_GetProperty
                0x000096c2                FLASH_SetProperty
                0x00009700                FLASH_SwapControl
                0x000097b8                FLASH_Swap
                0x000098d4                FLASH_PflashSetProtection
                0x00009914                FLASH_PflashGetProtection
                0x00009948                FLASH_PflashSetPrefetchSpeculation
                0x000099c8                FLASH_PflashGetPrefetchSpeculation
                0x00009ae8                fmc_flash_cache_clear
                0x00009b18                fmc_flash_prefetch_speculation_clear
                0x00009b48                flash_cache_clear
 .text          0x00009e54      0x394 ./drivers/fsl_smc.o
                0x00009e92                SMC_PreEnterStopModes
                0x00009ec4                SMC_PostExitStopModes
                0x00009ef4                SMC_PreEnterWaitModes
                0x00009f10                SMC_PostExitWaitModes
                0x00009f2c                SMC_SetPowerModeRun
                0x00009f56                SMC_SetPowerModeWait
                0x00009f88                SMC_SetPowerModeStop
                0x00009fe8                SMC_SetPowerModeVlpr
                0x0000a036                SMC_SetPowerModeVlpw
                0x0000a068                SMC_SetPowerModeVlps
                0x0000a0cc                SMC_SetPowerModeLls
                0x0000a130                SMC_SetPowerModeVlls
 .text          0x0000a1e8     0x152c ./drivers/fsl_uart.o
                0x0000a2be                UART_GetInstance
                0x0000a310                UART_TransferGetRxRingBufferLength
                0x0000a3b0                UART_Init
                0x0000a688                UART_Deinit
                0x0000a6d4                UART_GetDefaultConfig
                0x0000a734                UART_SetBaudRate
                0x0000a83c                UART_EnableInterrupts
                0x0000a8ac                UART_DisableInterrupts
                0x0000a92c                UART_GetEnabledInterrupts
                0x0000a978                UART_GetStatusFlags
                0x0000a9be                UART_ClearStatusFlags
                0x0000aa4a                UART_WriteBlocking
                0x0000aacc                UART_ReadBlocking
                0x0000aba4                UART_TransferCreateHandle
                0x0000ac28                UART_TransferStartRingBuffer
                0x0000ac9c                UART_TransferStopRingBuffer
                0x0000ad08                UART_TransferSendNonBlocking
                0x0000ada4                UART_TransferAbortSend
                0x0000ade0                UART_TransferGetSendCount
                0x0000ae34                UART_TransferReceiveNonBlocking
                0x0000afe4                UART_TransferAbortReceive
                0x0000b040                UART_TransferGetReceiveCount
                0x0000b0a0                UART_TransferHandleIRQ
                0x0000b5b0                UART_TransferHandleErrorIRQ
                0x0000b5c6                UART0_DriverIRQHandler
                0x0000b5ec                UART0_RX_TX_DriverIRQHandler
                0x0000b5fc                UART1_DriverIRQHandler
                0x0000b624                UART1_RX_TX_DriverIRQHandler
                0x0000b634                UART2_DriverIRQHandler
                0x0000b65c                UART2_RX_TX_DriverIRQHandler
                0x0000b66c                UART3_DriverIRQHandler
                0x0000b694                UART3_RX_TX_DriverIRQHandler
                0x0000b6a4                UART4_DriverIRQHandler
                0x0000b6cc                UART4_RX_TX_DriverIRQHandler
                0x0000b6dc                UART5_DriverIRQHandler
                0x0000b704                UART5_RX_TX_DriverIRQHandler
 .text          0x0000b714       0x28 ./board/board.o
                0x0000b714                BOARD_InitDebugConsole
 .text          0x0000b73c      0x174 ./board/clock_config.o
                0x0000b7b4                BOARD_InitBootClocks
                0x0000b7fc                BOARD_BootClockRUN
                0x0000b85c                BOARD_BootClockVLPR
 .text          0x0000b8b0        0xe ./board/peripherals.o
                0x0000b8b0                BOARD_InitBootPeripherals
 *fill*         0x0000b8be        0x2 ff
 .text          0x0000b8c0       0xc4 ./board/pin_mux.o
                0x0000b930                BOARD_InitBootPins
                0x0000b93c                BOARD_InitPins
 .text          0x0000b984      0x2b8 ./CMSIS/system_MK64F12.o
                0x0000b984                SystemInit
                0x0000b9c4                SystemCoreClockUpdate
 .text.__main   0x0000bc3c        0xe c:/nxp/mcuxpressoide_10.1.1_606/ide/tools/bin/../lib/gcc/arm-none-eabi/6.3.1/../../../../arm-none-eabi/lib/thumb/v7e-m/fpv4-sp/hard\libcr_semihost_nf.a(_cr__main.o)
                0x0000bc3c                __CR_SEMIHOST
                0x0000bc3c                __main
 *fill*         0x0000bc4a        0x2 ff
 .text.__assertion_failed
                0x0000bc4c       0x4c c:/nxp/mcuxpressoide_10.1.1_606/ide/tools/bin/../lib/gcc/arm-none-eabi/6.3.1/../../../../arm-none-eabi/lib/thumb/v7e-m/fpv4-sp/hard\libcr_semihost_nf.a(_cr_assert.o)
                0x0000bc4c                __assertion_failed
 .text.__sys_appexit
                0x0000bc98        0xc c:/nxp/mcuxpressoide_10.1.1_606/ide/tools/bin/../lib/gcc/arm-none-eabi/6.3.1/../../../../arm-none-eabi/lib/thumb/v7e-m/fpv4-sp/hard\libcr_semihost_nf.a(__sys_appexit.o)
                0x0000bc98                __sys_appexit
                0x0000bc98                __exit
 .text.memcpy   0x0000bca4        0x4 c:/nxp/mcuxpressoide_10.1.1_606/ide/tools/bin/../lib/gcc/arm-none-eabi/6.3.1/../../../../arm-none-eabi/lib/thumb/v7e-m/fpv4-sp/hard\libcr_c.a(memcpy.o)
                0x0000bca4                memcpy
 .text.memset   0x0000bca8        0x4 c:/nxp/mcuxpressoide_10.1.1_606/ide/tools/bin/../lib/gcc/arm-none-eabi/6.3.1/../../../../arm-none-eabi/lib/thumb/v7e-m/fpv4-sp/hard\libcr_c.a(memset.o)
                0x0000bca8                memset
 .text._deferredlazyseek
                0x0000bcac       0x40 c:/nxp/mcuxpressoide_10.1.1_606/ide/tools/bin/../lib/gcc/arm-none-eabi/6.3.1/../../../../arm-none-eabi/lib/thumb/v7e-m/fpv4-sp/hard\libcr_c.a(_deferredlazyseek.o)
                0x0000bcac                _deferredlazyseek
 .text.__flsbuf
                0x0000bcec      0x148 c:/nxp/mcuxpressoide_10.1.1_606/ide/tools/bin/../lib/gcc/arm-none-eabi/6.3.1/../../../../arm-none-eabi/lib/thumb/v7e-m/fpv4-sp/hard\libcr_c.a(_deferredlazyseek.o)
                0x0000bcec                __flsbuf
 .text._fflush  0x0000be34       0x54 c:/nxp/mcuxpressoide_10.1.1_606/ide/tools/bin/../lib/gcc/arm-none-eabi/6.3.1/../../../../arm-none-eabi/lib/thumb/v7e-m/fpv4-sp/hard\libcr_c.a(_fflush.o)
                0x0000be34                _fflush
 .text._Cwritebuf
                0x0000be88       0x6c c:/nxp/mcuxpressoide_10.1.1_606/ide/tools/bin/../lib/gcc/arm-none-eabi/6.3.1/../../../../arm-none-eabi/lib/thumb/v7e-m/fpv4-sp/hard\libcr_c.a(_writebuf.o)
                0x0000be88                _Cwritebuf
 .text.malloc   0x0000bef4       0xc4 c:/nxp/mcuxpressoide_10.1.1_606/ide/tools/bin/../lib/gcc/arm-none-eabi/6.3.1/../../../../arm-none-eabi/lib/thumb/v7e-m/fpv4-sp/hard\libcr_c.a(alloc.o)
                0x0000bef4                malloc
 .text.free     0x0000bfb8       0x30 c:/nxp/mcuxpressoide_10.1.1_606/ide/tools/bin/../lib/gcc/arm-none-eabi/6.3.1/../../../../arm-none-eabi/lib/thumb/v7e-m/fpv4-sp/hard\libcr_c.a(alloc.o)
                0x0000bfb8                free
 .text._Csys_alloc
                0x0000bfe8       0x20 c:/nxp/mcuxpressoide_10.1.1_606/ide/tools/bin/../lib/gcc/arm-none-eabi/6.3.1/../../../../arm-none-eabi/lib/thumb/v7e-m/fpv4-sp/hard\libcr_c.a(alloc.o)
                0x0000bfe8                _Csys_alloc
 .text.fputs    0x0000c008       0x2c c:/nxp/mcuxpressoide_10.1.1_606/ide/tools/bin/../lib/gcc/arm-none-eabi/6.3.1/../../../../arm-none-eabi/lib/thumb/v7e-m/fpv4-sp/hard\libcr_c.a(fputs.o)
                0x0000c008                fputs
 .text.fseek    0x0000c034      0x100 c:/nxp/mcuxpressoide_10.1.1_606/ide/tools/bin/../lib/gcc/arm-none-eabi/6.3.1/../../../../arm-none-eabi/lib/thumb/v7e-m/fpv4-sp/hard\libcr_c.a(fseek.o)
                0x0000c034                fseek
 .text.ftell    0x0000c134       0x48 c:/nxp/mcuxpressoide_10.1.1_606/ide/tools/bin/../lib/gcc/arm-none-eabi/6.3.1/../../../../arm-none-eabi/lib/thumb/v7e-m/fpv4-sp/hard\libcr_c.a(ftell.o)
                0x0000c134                ftell
 .text._initio  0x0000c17c       0x78 c:/nxp/mcuxpressoide_10.1.1_606/ide/tools/bin/../lib/gcc/arm-none-eabi/6.3.1/../../../../arm-none-eabi/lib/thumb/v7e-m/fpv4-sp/hard\libcr_c.a(initio.o)
                0x0000c17c                _initio
 .text.no_fp_display
                0x0000c1f4        0x4 c:/nxp/mcuxpressoide_10.1.1_606/ide/tools/bin/../lib/gcc/arm-none-eabi/6.3.1/../../../../arm-none-eabi/lib/thumb/v7e-m/fpv4-sp/hard\libcr_c.a(printf.o)
 .text.__vfprintf
                0x0000c1f8      0xb7c c:/nxp/mcuxpressoide_10.1.1_606/ide/tools/bin/../lib/gcc/arm-none-eabi/6.3.1/../../../../arm-none-eabi/lib/thumb/v7e-m/fpv4-sp/hard\libcr_c.a(printf.o)
                0x0000c1f8                __vfprintf
 .text._vsnprintf
                0x0000cd74       0x5c c:/nxp/mcuxpressoide_10.1.1_606/ide/tools/bin/../lib/gcc/arm-none-eabi/6.3.1/../../../../arm-none-eabi/lib/thumb/v7e-m/fpv4-sp/hard\libcr_c.a(printf.o)
                0x0000cd74                _vsnprintf
 .text._printf  0x0000cdd0       0x54 c:/nxp/mcuxpressoide_10.1.1_606/ide/tools/bin/../lib/gcc/arm-none-eabi/6.3.1/../../../../arm-none-eabi/lib/thumb/v7e-m/fpv4-sp/hard\libcr_c.a(printf.o)
                0x0000cdd0                _printf
 .text.setvbuf  0x0000ce24       0x40 c:/nxp/mcuxpressoide_10.1.1_606/ide/tools/bin/../lib/gcc/arm-none-eabi/6.3.1/../../../../arm-none-eabi/lib/thumb/v7e-m/fpv4-sp/hard\libcr_c.a(setvbuf.o)
                0x0000ce24                setvbuf
 .text.strlen   0x0000ce64       0x4a c:/nxp/mcuxpressoide_10.1.1_606/ide/tools/bin/../lib/gcc/arm-none-eabi/6.3.1/../../../../arm-none-eabi/lib/thumb/v7e-m/fpv4-sp/hard\libcr_c.a(strlen.o)
                0x0000ce64                strlen
 *fill*         0x0000ceae        0x2 ff
 .text._sbrk    0x0000ceb0       0x3c c:/nxp/mcuxpressoide_10.1.1_606/ide/tools/bin/../lib/gcc/arm-none-eabi/6.3.1/../../../../arm-none-eabi/lib/thumb/v7e-m/fpv4-sp/hard\libcr_c.a(_cr_sbrk.o)
                0x0000ceb0                _sbrk
 .text._fdopen  0x0000ceec       0x68 c:/nxp/mcuxpressoide_10.1.1_606/ide/tools/bin/../lib/gcc/arm-none-eabi/6.3.1/../../../../arm-none-eabi/lib/thumb/v7e-m/fpv4-sp/hard\libcr_c.a(_fdopen.o)
                0x0000ceec                _fdopen
 .text.fclose   0x0000cf54       0x58 c:/nxp/mcuxpressoide_10.1.1_606/ide/tools/bin/../lib/gcc/arm-none-eabi/6.3.1/../../../../arm-none-eabi/lib/thumb/v7e-m/fpv4-sp/hard\libcr_c.a(fclose.o)
                0x0000cf54                fclose
 .text.fflush   0x0000cfac       0x44 c:/nxp/mcuxpressoide_10.1.1_606/ide/tools/bin/../lib/gcc/arm-none-eabi/6.3.1/../../../../arm-none-eabi/lib/thumb/v7e-m/fpv4-sp/hard\libcr_c.a(fflush.o)
                0x0000cfac                fflush
 .text.remove   0x0000cff0       0x14 c:/nxp/mcuxpressoide_10.1.1_606/ide/tools/bin/../lib/gcc/arm-none-eabi/6.3.1/../../../../arm-none-eabi/lib/thumb/v7e-m/fpv4-sp/hard\libcr_c.a(remove.o)
                0x0000cff0                remove
 .text.__check_heap_overflow
                0x0000d004       0x18 c:/nxp/mcuxpressoide_10.1.1_606/ide/tools/bin/../lib/gcc/arm-none-eabi/6.3.1/../../../../arm-none-eabi/lib/thumb/v7e-m/fpv4-sp/hard\libcr_c.a(_cr_check_heap.o)
                0x0000d004                __check_heap_overflow
 .text._do_fflush
                0x0000d01c       0x40 c:/nxp/mcuxpressoide_10.1.1_606/ide/tools/bin/../lib/gcc/arm-none-eabi/6.3.1/../../../../arm-none-eabi/lib/thumb/v7e-m/fpv4-sp/hard\libcr_c.a(_do_fflush.o)
                0x0000d01c                _do_fflush
 .text.__aeabi_memcpy
                0x0000d05c       0x34 c:/nxp/mcuxpressoide_10.1.1_606/ide/tools/bin/../lib/gcc/arm-none-eabi/6.3.1/thumb/v7e-m/fpv4-sp/hard\libcr_eabihelpers.a(memcpy.o)
                0x0000d05c                __aeabi_memcpy
                0x0000d066                __aeabi_memcpy8
                0x0000d066                __aeabi_memcpy4
 .text.__aeabi_memset_lowlevel
                0x0000d090       0x32 c:/nxp/mcuxpressoide_10.1.1_606/ide/tools/bin/../lib/gcc/arm-none-eabi/6.3.1/thumb/v7e-m/fpv4-sp/hard\libcr_eabihelpers.a(memcpy.o)
                0x0000d090                __aeabi_lowlevel_memset
 .text.__sys_close
                0x0000d0c2        0xc c:/nxp/mcuxpressoide_10.1.1_606/ide/tools/bin/../lib/gcc/arm-none-eabi/6.3.1/../../../../arm-none-eabi/lib/thumb/v7e-m/fpv4-sp/hard\libcr_semihost_nf.a(__sys_close.o)
                0x0000d0c2                __sys_close
 .text.__sys_flen
                0x0000d0ce        0xc c:/nxp/mcuxpressoide_10.1.1_606/ide/tools/bin/../lib/gcc/arm-none-eabi/6.3.1/../../../../arm-none-eabi/lib/thumb/v7e-m/fpv4-sp/hard\libcr_semihost_nf.a(__sys_flen.o)
                0x0000d0ce                __sys_flen
 .text.__sys_istty
                0x0000d0da        0xc c:/nxp/mcuxpressoide_10.1.1_606/ide/tools/bin/../lib/gcc/arm-none-eabi/6.3.1/../../../../arm-none-eabi/lib/thumb/v7e-m/fpv4-sp/hard\libcr_semihost_nf.a(__sys_istty.o)
                0x0000d0da                __sys_istty
 .text.__sys_remove
                0x0000d0e6        0xc c:/nxp/mcuxpressoide_10.1.1_606/ide/tools/bin/../lib/gcc/arm-none-eabi/6.3.1/../../../../arm-none-eabi/lib/thumb/v7e-m/fpv4-sp/hard\libcr_semihost_nf.a(__sys_remove.o)
                0x0000d0e6                __sys_remove
 .text.__sys_seek
                0x0000d0f2        0xc c:/nxp/mcuxpressoide_10.1.1_606/ide/tools/bin/../lib/gcc/arm-none-eabi/6.3.1/../../../../arm-none-eabi/lib/thumb/v7e-m/fpv4-sp/hard\libcr_semihost_nf.a(__sys_seek.o)
                0x0000d0f2                __sys_seek
 .text.__sys_tmpnam
                0x0000d0fe        0xc c:/nxp/mcuxpressoide_10.1.1_606/ide/tools/bin/../lib/gcc/arm-none-eabi/6.3.1/../../../../arm-none-eabi/lib/thumb/v7e-m/fpv4-sp/hard\libcr_semihost_nf.a(__sys_tmpnam.o)
                0x0000d0fe                __sys_tmpnam
 .text.__sys_write
                0x0000d10a        0xc c:/nxp/mcuxpressoide_10.1.1_606/ide/tools/bin/../lib/gcc/arm-none-eabi/6.3.1/../../../../arm-none-eabi/lib/thumb/v7e-m/fpv4-sp/hard\libcr_semihost_nf.a(__sys_write.o)
                0x0000d10a                __sys_write
 *(.rodata .rodata.* .constdata .constdata.*)
 *fill*         0x0000d116        0x2 ff
 .rodata        0x0000d118       0x50 ./utilities/fsl_debug_console.o
 .rodata        0x0000d168       0x27 ./utilities/fsl_io.o
 *fill*         0x0000d18f        0x1 ff
 .rodata        0x0000d190       0x80 ./utilities/fsl_log.o
 .rodata        0x0000d210        0xd ./source/PRUEBA_SPI.o
 *fill*         0x0000d21d        0x3 ff
 .rodata        0x0000d220        0x5 ./freertos/source/tasks.o
 *fill*         0x0000d225        0x3 ff
 .rodata        0x0000d228        0xd ./freertos/source/timers.o
 *fill*         0x0000d235        0x3 ff
 .rodata        0x0000d238      0x1ac ./drivers/fsl_clock.o
 .rodata        0x0000d3e4      0x5c5 ./drivers/fsl_dspi.o
 *fill*         0x0000d9a9        0x3 ff
 .rodata        0x0000d9ac       0x4e ./drivers/fsl_flash.o
                0x0000d9ac                kFCCOBx
                0x0000d9b0                kFPROTL
                0x0000d9dc                kPFlashDensities
 *fill*         0x0000d9fa        0x2 ff
 .rodata        0x0000d9fc        0x2 ./drivers/fsl_smc.o
 *fill*         0x0000d9fe        0x2 ff
 .rodata        0x0000da00      0x54b ./drivers/fsl_uart.o
 *fill*         0x0000df4b        0x1 ff
 .rodata        0x0000df4c       0x38 ./board/clock_config.o
                0x0000df4c                mcgConfig_BOARD_BootClockRUN
                0x0000df58                simConfig_BOARD_BootClockRUN
                0x0000df60                oscConfig_BOARD_BootClockRUN
                0x0000df68                mcgConfig_BOARD_BootClockVLPR
                0x0000df74                simConfig_BOARD_BootClockVLPR
                0x0000df7c                oscConfig_BOARD_BootClockVLPR
 .rodata.__assertion_failed.str1.1
                0x0000df84       0x15 c:/nxp/mcuxpressoide_10.1.1_606/ide/tools/bin/../lib/gcc/arm-none-eabi/6.3.1/../../../../arm-none-eabi/lib/thumb/v7e-m/fpv4-sp/hard\libcr_semihost_nf.a(_cr_assert.o)
 *fill*         0x0000df99        0x3 ff
 .rodata.__num_Ciob_streams
                0x0000df9c        0x4 c:/nxp/mcuxpressoide_10.1.1_606/ide/tools/bin/../lib/gcc/arm-none-eabi/6.3.1/../../../../arm-none-eabi/lib/thumb/v7e-m/fpv4-sp/hard\libcr_semihost_nf.a(__ciob.o)
                0x0000df9c                __num_Ciob_streams
 .rodata._Csys_alloc.str1.1
                0x0000dfa0       0x18 c:/nxp/mcuxpressoide_10.1.1_606/ide/tools/bin/../lib/gcc/arm-none-eabi/6.3.1/../../../../arm-none-eabi/lib/thumb/v7e-m/fpv4-sp/hard\libcr_c.a(alloc.o)
 .rodata._initio.str1.1
                0x0000dfb8        0x4 c:/nxp/mcuxpressoide_10.1.1_606/ide/tools/bin/../lib/gcc/arm-none-eabi/6.3.1/../../../../arm-none-eabi/lib/thumb/v7e-m/fpv4-sp/hard\libcr_c.a(initio.o)
 .rodata.__vfprintf.str1.1
                0x0000dfbc       0x35 c:/nxp/mcuxpressoide_10.1.1_606/ide/tools/bin/../lib/gcc/arm-none-eabi/6.3.1/../../../../arm-none-eabi/lib/thumb/v7e-m/fpv4-sp/hard\libcr_c.a(printf.o)
                                 0x38 (size before relaxing)
                0x0000dff4                . = ALIGN (0x4)
 *fill*         0x0000dff1        0x3 ff

.glue_7         0x0000dff4        0x0
 .glue_7        0x0000dff4        0x0 linker stubs

.glue_7t        0x0000dff4        0x0
 .glue_7t       0x0000dff4        0x0 linker stubs

.vfp11_veneer   0x0000dff4        0x0
 .vfp11_veneer  0x0000dff4        0x0 linker stubs

.v4_bx          0x0000dff4        0x0
 .v4_bx         0x0000dff4        0x0 linker stubs

.iplt           0x0000dff4        0x0
 .iplt          0x0000dff4        0x0 ./utilities/fsl_debug_console.o

.rel.dyn        0x0000dff4        0x0
 .rel.iplt      0x0000dff4        0x0 ./utilities/fsl_debug_console.o

.ARM.extab
 *(.ARM.extab* .gnu.linkonce.armextab.*)
                0x0000dff4                __exidx_start = .

.ARM.exidx
 *(.ARM.exidx* .gnu.linkonce.armexidx.*)
                0x0000dff4                __exidx_end = .
                0x0000dff4                _etext = .

.m_usb_data
 *(m_usb_bdt)

.data_RAM2      0x1fff0000        0x0 load address 0x0000dff4
 FILL mask 0xff
                [!provide]                PROVIDE (__start_data_RAM2, .)
 *(.ramfunc.$RAM2)
 *(.ramfunc.$SRAM_LOWER)
 *(.data.$RAM2*)
 *(.data.$SRAM_LOWER*)
                0x1fff0000                . = ALIGN (0x4)
                [!provide]                PROVIDE (__end_data_RAM2, .)

.data_RAM3      0x14000000        0x0 load address 0x0000dff4
 FILL mask 0xff
                [!provide]                PROVIDE (__start_data_RAM3, .)
 *(.ramfunc.$RAM3)
 *(.ramfunc.$FLEX_RAM)
 *(.data.$RAM3*)
 *(.data.$FLEX_RAM*)
                0x14000000                . = ALIGN (0x4)
                [!provide]                PROVIDE (__end_data_RAM3, .)

.uninit_RESERVED
                0x20000000        0x0
 *(.bss.$RESERVED*)
                0x20000000                . = ALIGN (0x4)
                0x20000000                _end_uninit_RESERVED = .

.data           0x20000000       0x10 load address 0x0000dff4
 FILL mask 0xff
                0x20000000                _data = .
 *(vtable)
 *(.ramfunc*)
 *(.data*)
 .data          0x20000000        0x4 ./freertos/portable/port.o
 .data          0x20000004        0x8 ./drivers/fsl_clock.o
 .data          0x2000000c        0x4 ./CMSIS/system_MK64F12.o
                0x2000000c                SystemCoreClock
                0x20000010                . = ALIGN (0x4)
                0x20000010                _edata = .

.igot.plt       0x20000010        0x0 load address 0x0000e004
 .igot.plt      0x20000010        0x0 ./utilities/fsl_debug_console.o

.bss_RAM2       0x1fff0000        0x0
                [!provide]                PROVIDE (__start_bss_RAM2, .)
 *(.bss.$RAM2*)
 *(.bss.$SRAM_LOWER*)
                0x1fff0000                . = ALIGN ((. != 0x0)?0x4:0x1)
                [!provide]                PROVIDE (__end_bss_RAM2, .)

.bss_RAM3       0x14000000        0x0
                [!provide]                PROVIDE (__start_bss_RAM3, .)
 *(.bss.$RAM3*)
 *(.bss.$FLEX_RAM*)
                0x14000000                . = ALIGN ((. != 0x0)?0x4:0x1)
                [!provide]                PROVIDE (__end_bss_RAM3, .)

.bss            0x20000010     0x2b40
                0x20000010                _bss = .
 *(.bss*)
 .bss           0x20000010        0x8 ./utilities/fsl_io.o
 .bss           0x20000018        0x4 ./source/PRUEBA_SPI.o
 .bss           0x2000001c       0x40 ./freertos/source/queue.o
                0x2000001c                xQueueRegistry
 .bss           0x2000005c      0x104 ./freertos/source/tasks.o
                0x2000005c                pxCurrentTCB
 .bss           0x20000160       0x3c ./freertos/source/timers.o
 .bss           0x2000019c     0x2818 ./freertos/portable/heap_4.o
 .bss           0x200029b4        0x8 ./freertos/portable/port.o
 .bss           0x200029bc        0x8 ./drivers/fsl_clock.o
                0x200029bc                g_xtal0Freq
                0x200029c0                g_xtal32Freq
 .bss           0x200029c4       0x17 ./drivers/fsl_dspi.o
                0x200029d8                s_dummyData
 *fill*         0x200029db        0x1 
 .bss           0x200029dc       0x94 ./drivers/fsl_flash.o
 .bss           0x20002a70        0x4 ./drivers/fsl_smc.o
 .bss           0x20002a74       0x1c ./drivers/fsl_uart.o
 .bss.__Ciob    0x20002a90       0xb4 c:/nxp/mcuxpressoide_10.1.1_606/ide/tools/bin/../lib/gcc/arm-none-eabi/6.3.1/../../../../arm-none-eabi/lib/thumb/v7e-m/fpv4-sp/hard\libcr_semihost_nf.a(__ciob.o)
                0x20002a90                __Ciob
 .bss.__end_of_heap
                0x20002b44        0x4 c:/nxp/mcuxpressoide_10.1.1_606/ide/tools/bin/../lib/gcc/arm-none-eabi/6.3.1/../../../../arm-none-eabi/lib/thumb/v7e-m/fpv4-sp/hard\libcr_c.a(__init_alloc.o)
                0x20002b44                __end_of_heap
 .bss.__heaps   0x20002b48        0x4 c:/nxp/mcuxpressoide_10.1.1_606/ide/tools/bin/../lib/gcc/arm-none-eabi/6.3.1/../../../../arm-none-eabi/lib/thumb/v7e-m/fpv4-sp/hard\libcr_c.a(__init_alloc.o)
                0x20002b48                __heaps
 .bss.errno     0x20002b4c        0x4 c:/nxp/mcuxpressoide_10.1.1_606/ide/tools/bin/../lib/gcc/arm-none-eabi/6.3.1/../../../../arm-none-eabi/lib/thumb/v7e-m/fpv4-sp/hard\libcr_c.a(errno.o)
                0x20002b4c                errno
 *(COMMON)
                0x20002b50                . = ALIGN (0x4)
                0x20002b50                _ebss = .
                [!provide]                PROVIDE (end, .)

.noinit_RAM2    0x1fff0000        0x0
 *(.noinit.$RAM2*)
 *(.noinit.$SRAM_LOWER*)
                0x1fff0000                . = ALIGN (0x4)

.noinit_RAM3    0x14000000        0x0
 *(.noinit.$RAM3*)
 *(.noinit.$FLEX_RAM*)
                0x14000000                . = ALIGN (0x4)

.noinit         0x20002b50        0x0
                0x20002b50                _noinit = .
 *(.noinit*)
                0x20002b50                . = ALIGN (0x4)
                0x20002b50                _end_noinit = .
                0x00001000                _HeapSize = 0x1000

.heap           0x20002b50     0x1000
                0x20002b50                _pvHeapStart = .
                0x20003b50                . = (. + _HeapSize)
 *fill*         0x20002b50     0x1000 
                0x20003b50                . = ALIGN (0x4)
                0x20003b50                _pvHeapLimit = .
                0x00001000                _StackSize = 0x1000

.heap2stackfill
                0x20003b50     0x1000
                0x20004b50                . = (. + _StackSize)
 *fill*         0x20003b50     0x1000 

.stack          0x2002f000        0x0
                0x2002f000                _vStackBase = .
                0x2002f000                . = ALIGN (0x4)
                0x20030000                _vStackTop = (. + _StackSize)
                0x00000000                _image_start = LOADADDR (.text)
                0x0000e004                _image_end = (LOADADDR (.data) + SIZEOF (.data))
                0x0000e004                _image_size = (_image_end - _image_start)
OUTPUT(PRUEBA_SPI.axf elf32-littlearm)

.debug_info     0x00000000    0x10fbe
 .debug_info    0x00000000      0x2c3 ./utilities/fsl_debug_console.o
 .debug_info    0x000002c3      0x81e ./utilities/fsl_io.o
 .debug_info    0x00000ae1      0x34e ./utilities/fsl_log.o
 .debug_info    0x00000e2f      0x8b7 ./startup/startup_mk64f12.o
 .debug_info    0x000016e6      0x967 ./source/PRUEBA_SPI.o
 .debug_info    0x0000204d       0x3b ./source/semihost_hardfault.o
 .debug_info    0x00002088      0x2cb ./freertos/source/list.o
 .debug_info    0x00002353     0x141a ./freertos/source/queue.o
 .debug_info    0x0000376d     0x1e94 ./freertos/source/tasks.o
 .debug_info    0x00005601      0xd4a ./freertos/source/timers.o
 .debug_info    0x0000634b       0xed ./freertos/portable/fsl_tickless_systick.o
 .debug_info    0x00006438      0x3f1 ./freertos/portable/heap_4.o
 .debug_info    0x00006829      0x50b ./freertos/portable/port.o
 .debug_info    0x00006d34     0x1e89 ./drivers/fsl_clock.o
 .debug_info    0x00008bbd     0x22b8 ./drivers/fsl_dspi.o
 .debug_info    0x0000ae75     0x1e79 ./drivers/fsl_flash.o
 .debug_info    0x0000ccee      0xa73 ./drivers/fsl_smc.o
 .debug_info    0x0000d761     0x19d5 ./drivers/fsl_uart.o
 .debug_info    0x0000f136      0x713 ./board/board.o
 .debug_info    0x0000f849      0xaad ./board/clock_config.o
 .debug_info    0x000102f6       0x3b ./board/peripherals.o
 .debug_info    0x00010331      0x667 ./board/pin_mux.o
 .debug_info    0x00010998      0x626 ./CMSIS/system_MK64F12.o

.debug_abbrev   0x00000000     0x2998
 .debug_abbrev  0x00000000      0x105 ./utilities/fsl_debug_console.o
 .debug_abbrev  0x00000105      0x21e ./utilities/fsl_io.o
 .debug_abbrev  0x00000323      0x17e ./utilities/fsl_log.o
 .debug_abbrev  0x000004a1      0x15c ./startup/startup_mk64f12.o
 .debug_abbrev  0x000005fd      0x17e ./source/PRUEBA_SPI.o
 .debug_abbrev  0x0000077b       0x2f ./source/semihost_hardfault.o
 .debug_abbrev  0x000007aa      0x112 ./freertos/source/list.o
 .debug_abbrev  0x000008bc      0x253 ./freertos/source/queue.o
 .debug_abbrev  0x00000b0f      0x2fc ./freertos/source/tasks.o
 .debug_abbrev  0x00000e0b      0x219 ./freertos/source/timers.o
 .debug_abbrev  0x00001024       0x92 ./freertos/portable/fsl_tickless_systick.o
 .debug_abbrev  0x000010b6      0x1e8 ./freertos/portable/heap_4.o
 .debug_abbrev  0x0000129e      0x24c ./freertos/portable/port.o
 .debug_abbrev  0x000014ea      0x305 ./drivers/fsl_clock.o
 .debug_abbrev  0x000017ef      0x33e ./drivers/fsl_dspi.o
 .debug_abbrev  0x00001b2d      0x265 ./drivers/fsl_flash.o
 .debug_abbrev  0x00001d92      0x2bd ./drivers/fsl_smc.o
 .debug_abbrev  0x0000204f      0x2ff ./drivers/fsl_uart.o
 .debug_abbrev  0x0000234e      0x15a ./board/board.o
 .debug_abbrev  0x000024a8      0x1f0 ./board/clock_config.o
 .debug_abbrev  0x00002698       0x2f ./board/peripherals.o
 .debug_abbrev  0x000026c7      0x195 ./board/pin_mux.o
 .debug_abbrev  0x0000285c      0x13c ./CMSIS/system_MK64F12.o

.debug_aranges  0x00000000      0x348
 .debug_aranges
                0x00000000       0x20 ./utilities/fsl_debug_console.o
 .debug_aranges
                0x00000020       0x20 ./utilities/fsl_io.o
 .debug_aranges
                0x00000040       0x20 ./utilities/fsl_log.o
 .debug_aranges
                0x00000060       0x88 ./startup/startup_mk64f12.o
 .debug_aranges
                0x000000e8       0x20 ./source/PRUEBA_SPI.o
 .debug_aranges
                0x00000108       0x20 ./source/semihost_hardfault.o
 .debug_aranges
                0x00000128       0x20 ./freertos/source/list.o
 .debug_aranges
                0x00000148       0x20 ./freertos/source/queue.o
 .debug_aranges
                0x00000168       0x20 ./freertos/source/tasks.o
 .debug_aranges
                0x00000188       0x20 ./freertos/source/timers.o
 .debug_aranges
                0x000001a8       0x20 ./freertos/portable/fsl_tickless_systick.o
 .debug_aranges
                0x000001c8       0x20 ./freertos/portable/heap_4.o
 .debug_aranges
                0x000001e8       0x20 ./freertos/portable/port.o
 .debug_aranges
                0x00000208       0x20 ./drivers/fsl_clock.o
 .debug_aranges
                0x00000228       0x20 ./drivers/fsl_dspi.o
 .debug_aranges
                0x00000248       0x20 ./drivers/fsl_flash.o
 .debug_aranges
                0x00000268       0x20 ./drivers/fsl_smc.o
 .debug_aranges
                0x00000288       0x20 ./drivers/fsl_uart.o
 .debug_aranges
                0x000002a8       0x20 ./board/board.o
 .debug_aranges
                0x000002c8       0x20 ./board/clock_config.o
 .debug_aranges
                0x000002e8       0x20 ./board/peripherals.o
 .debug_aranges
                0x00000308       0x20 ./board/pin_mux.o
 .debug_aranges
                0x00000328       0x20 ./CMSIS/system_MK64F12.o

.debug_macro    0x00000000    0x1433f
 .debug_macro   0x00000000      0x13a ./utilities/fsl_debug_console.o
 .debug_macro   0x0000013a      0x8ec ./utilities/fsl_debug_console.o
 .debug_macro   0x00000a26       0x10 ./utilities/fsl_debug_console.o
 .debug_macro   0x00000a36       0x16 ./utilities/fsl_debug_console.o
 .debug_macro   0x00000a4c       0x10 ./utilities/fsl_debug_console.o
 .debug_macro   0x00000a5c      0x12d ./utilities/fsl_debug_console.o
 .debug_macro   0x00000b89       0x28 ./utilities/fsl_debug_console.o
 .debug_macro   0x00000bb1       0x16 ./utilities/fsl_debug_console.o
 .debug_macro   0x00000bc7       0x22 ./utilities/fsl_debug_console.o
 .debug_macro   0x00000be9      0x5b2 ./utilities/fsl_debug_console.o
 .debug_macro   0x0000119b       0x10 ./utilities/fsl_debug_console.o
 .debug_macro   0x000011ab       0x5b ./utilities/fsl_debug_console.o
 .debug_macro   0x00001206       0x1c ./utilities/fsl_debug_console.o
 .debug_macro   0x00001222       0x22 ./utilities/fsl_debug_console.o
 .debug_macro   0x00001244       0xd9 ./utilities/fsl_debug_console.o
 .debug_macro   0x0000131d      0xec1 ./utilities/fsl_debug_console.o
 .debug_macro   0x000021de       0x44 ./utilities/fsl_debug_console.o
 .debug_macro   0x00002222     0xe07b ./utilities/fsl_debug_console.o
 .debug_macro   0x0001029d     0x143f ./utilities/fsl_debug_console.o
 .debug_macro   0x000116dc       0x46 ./utilities/fsl_debug_console.o
 .debug_macro   0x00011722      0x171 ./utilities/fsl_debug_console.o
 .debug_macro   0x00011893       0x5f ./utilities/fsl_debug_console.o
 .debug_macro   0x000118f2       0xd2 ./utilities/fsl_debug_console.o
 .debug_macro   0x000119c4       0x1c ./utilities/fsl_debug_console.o
 .debug_macro   0x000119e0       0x43 ./utilities/fsl_debug_console.o
 .debug_macro   0x00011a23      0x102 ./utilities/fsl_io.o
 .debug_macro   0x00011b25       0x1c ./utilities/fsl_io.o
 .debug_macro   0x00011b41       0x10 ./utilities/fsl_io.o
 .debug_macro   0x00011b51      0x1c5 ./utilities/fsl_log.o
 .debug_macro   0x00011d16       0x10 ./utilities/fsl_log.o
 .debug_macro   0x00011d26      0x1a0 ./utilities/fsl_log.o
 .debug_macro   0x00011ec6      0x168 ./utilities/fsl_log.o
 .debug_macro   0x0001202e       0xeb ./utilities/fsl_log.o
 .debug_macro   0x00012119       0x10 ./utilities/fsl_log.o
 .debug_macro   0x00012129       0x1f ./utilities/fsl_log.o
 .debug_macro   0x00012148      0x353 ./utilities/fsl_log.o
 .debug_macro   0x0001249b       0xc0 ./utilities/fsl_log.o
 .debug_macro   0x0001255b       0x8c ./utilities/fsl_log.o
 .debug_macro   0x000125e7       0x94 ./utilities/fsl_log.o
 .debug_macro   0x0001267b       0x78 ./utilities/fsl_log.o
 .debug_macro   0x000126f3       0x29 ./startup/startup_mk64f12.o
 .debug_macro   0x0001271c      0x1a5 ./source/PRUEBA_SPI.o
 .debug_macro   0x000128c1       0xd8 ./source/PRUEBA_SPI.o
 .debug_macro   0x00012999       0x16 ./source/PRUEBA_SPI.o
 .debug_macro   0x000129af       0x10 ./source/PRUEBA_SPI.o
 .debug_macro   0x000129bf      0x15e ./source/PRUEBA_SPI.o
 .debug_macro   0x00012b1d      0x353 ./source/PRUEBA_SPI.o
 .debug_macro   0x00012e70       0x40 ./source/PRUEBA_SPI.o
 .debug_macro   0x00012eb0       0x11 ./source/semihost_hardfault.o
 .debug_macro   0x00012ec1       0xb9 ./freertos/source/list.o
 .debug_macro   0x00012f7a      0x122 ./freertos/source/queue.o
 .debug_macro   0x0001309c      0x185 ./freertos/source/tasks.o
 .debug_macro   0x00013221       0x11 ./freertos/source/tasks.o
 .debug_macro   0x00013232       0xf6 ./freertos/source/timers.o
 .debug_macro   0x00013328       0xbd ./freertos/portable/fsl_tickless_systick.o
 .debug_macro   0x000133e5       0x7c ./freertos/portable/fsl_tickless_systick.o
 .debug_macro   0x00013461       0xe0 ./freertos/portable/heap_4.o
 .debug_macro   0x00013541      0x135 ./freertos/portable/port.o
 .debug_macro   0x00013676      0x1a6 ./drivers/fsl_clock.o
 .debug_macro   0x0001381c       0xef ./drivers/fsl_dspi.o
 .debug_macro   0x0001390b       0x3a ./drivers/fsl_dspi.o
 .debug_macro   0x00013945      0x34b ./drivers/fsl_flash.o
 .debug_macro   0x00013c90       0x43 ./drivers/fsl_flash.o
 .debug_macro   0x00013cd3       0xf9 ./drivers/fsl_smc.o
 .debug_macro   0x00013dcc       0x49 ./drivers/fsl_smc.o
 .debug_macro   0x00013e15       0xf6 ./drivers/fsl_uart.o
 .debug_macro   0x00013f0b      0x129 ./board/board.o
 .debug_macro   0x00014034       0x1c ./board/board.o
 .debug_macro   0x00014050      0x127 ./board/clock_config.o
 .debug_macro   0x00014177       0x1b ./board/peripherals.o
 .debug_macro   0x00014192      0x105 ./board/pin_mux.o
 .debug_macro   0x00014297       0x10 ./board/pin_mux.o
 .debug_macro   0x000142a7       0x98 ./CMSIS/system_MK64F12.o

.debug_line     0x00000000     0x62f0
 .debug_line    0x00000000      0x301 ./utilities/fsl_debug_console.o
 .debug_line    0x00000301      0x310 ./utilities/fsl_io.o
 .debug_line    0x00000611      0x4ca ./utilities/fsl_log.o
 .debug_line    0x00000adb      0x183 ./startup/startup_mk64f12.o
 .debug_line    0x00000c5e      0x4ba ./source/PRUEBA_SPI.o
 .debug_line    0x00001118       0x54 ./source/semihost_hardfault.o
 .debug_line    0x0000116c      0x2db ./freertos/source/list.o
 .debug_line    0x00001447      0x8d1 ./freertos/source/queue.o
 .debug_line    0x00001d18      0xc1a ./freertos/source/tasks.o
 .debug_line    0x00002932      0x52f ./freertos/source/timers.o
 .debug_line    0x00002e61      0x2d1 ./freertos/portable/fsl_tickless_systick.o
 .debug_line    0x00003132      0x393 ./freertos/portable/heap_4.o
 .debug_line    0x000034c5      0x3ed ./freertos/portable/port.o
 .debug_line    0x000038b2      0x66b ./drivers/fsl_clock.o
 .debug_line    0x00003f1d      0x80c ./drivers/fsl_dspi.o
 .debug_line    0x00004729      0x603 ./drivers/fsl_flash.o
 .debug_line    0x00004d2c      0x387 ./drivers/fsl_smc.o
 .debug_line    0x000050b3      0x762 ./drivers/fsl_uart.o
 .debug_line    0x00005815      0x311 ./board/board.o
 .debug_line    0x00005b26      0x2d8 ./board/clock_config.o
 .debug_line    0x00005dfe       0x58 ./board/peripherals.o
 .debug_line    0x00005e56      0x2aa ./board/pin_mux.o
 .debug_line    0x00006100      0x1f0 ./CMSIS/system_MK64F12.o

.debug_str      0x00000000    0x89ff9
 .debug_str     0x00000000    0x79193 ./utilities/fsl_debug_console.o
                              0x7924f (size before relaxing)
 .debug_str     0x00079193      0xa25 ./utilities/fsl_io.o
                              0x79780 (size before relaxing)
 .debug_str     0x00079bb8     0x470e ./utilities/fsl_log.o
                              0x7d4bc (size before relaxing)
 .debug_str     0x0007e2c6      0x7e4 ./startup/startup_mk64f12.o
                               0x2ea6 (size before relaxing)
 .debug_str     0x0007eaaa     0x146d ./source/PRUEBA_SPI.o
                              0x7cc6b (size before relaxing)
 .debug_str     0x0007ff17       0x1f ./source/semihost_hardfault.o
                               0x262e (size before relaxing)
 .debug_str     0x0007ff36      0x14e ./freertos/source/list.o
                               0x6f92 (size before relaxing)
 .debug_str     0x00080084      0x80e ./freertos/source/queue.o
                               0x8551 (size before relaxing)
 .debug_str     0x00080892     0x1b53 ./freertos/source/tasks.o
                               0x9226 (size before relaxing)
 .debug_str     0x000823e5      0x4cd ./freertos/source/timers.o
                               0x8a58 (size before relaxing)
 .debug_str     0x000828b2      0x3c4 ./freertos/portable/fsl_tickless_systick.o
                               0x775b (size before relaxing)
 .debug_str     0x00082c76      0x22a ./freertos/portable/heap_4.o
                               0x769f (size before relaxing)
 .debug_str     0x00082ea0      0x522 ./freertos/portable/port.o
                               0x7cfb (size before relaxing)
 .debug_str     0x000833c2     0x1a20 ./drivers/fsl_clock.o
                              0x7aec3 (size before relaxing)
 .debug_str     0x00084de2     0x1303 ./drivers/fsl_dspi.o
                              0x7ada5 (size before relaxing)
 .debug_str     0x000860e5     0x2bdc ./drivers/fsl_flash.o
                              0x7bdfd (size before relaxing)
 .debug_str     0x00088cc1      0x400 ./drivers/fsl_smc.o
                              0x79832 (size before relaxing)
 .debug_str     0x000890c1      0x990 ./drivers/fsl_uart.o
                              0x7a7b4 (size before relaxing)
 .debug_str     0x00089a51       0x37 ./board/board.o
                              0x79e64 (size before relaxing)
 .debug_str     0x00089a88      0x2a3 ./board/clock_config.o
                              0x7992a (size before relaxing)
 .debug_str     0x00089d2b       0x31 ./board/peripherals.o
                               0x263f (size before relaxing)
 .debug_str     0x00089d5c      0x1f0 ./board/pin_mux.o
                              0x790a5 (size before relaxing)
 .debug_str     0x00089f4c       0xad ./CMSIS/system_MK64F12.o
                              0x77ec2 (size before relaxing)

.comment        0x00000000       0x7f
 .comment       0x00000000       0x7f ./utilities/fsl_debug_console.o
                                 0x80 (size before relaxing)
 .comment       0x0000007f       0x80 ./utilities/fsl_io.o
 .comment       0x0000007f       0x80 ./utilities/fsl_log.o
 .comment       0x0000007f       0x80 ./startup/startup_mk64f12.o
 .comment       0x0000007f       0x80 ./source/PRUEBA_SPI.o
 .comment       0x0000007f       0x80 ./source/semihost_hardfault.o
 .comment       0x0000007f       0x80 ./freertos/source/list.o
 .comment       0x0000007f       0x80 ./freertos/source/queue.o
 .comment       0x0000007f       0x80 ./freertos/source/tasks.o
 .comment       0x0000007f       0x80 ./freertos/source/timers.o
 .comment       0x0000007f       0x80 ./freertos/portable/fsl_tickless_systick.o
 .comment       0x0000007f       0x80 ./freertos/portable/heap_4.o
 .comment       0x0000007f       0x80 ./freertos/portable/port.o
 .comment       0x0000007f       0x80 ./drivers/fsl_clock.o
 .comment       0x0000007f       0x80 ./drivers/fsl_dspi.o
 .comment       0x0000007f       0x80 ./drivers/fsl_flash.o
 .comment       0x0000007f       0x80 ./drivers/fsl_smc.o
 .comment       0x0000007f       0x80 ./drivers/fsl_uart.o
 .comment       0x0000007f       0x80 ./board/board.o
 .comment       0x0000007f       0x80 ./board/clock_config.o
 .comment       0x0000007f       0x80 ./board/peripherals.o
 .comment       0x0000007f       0x80 ./board/pin_mux.o
 .comment       0x0000007f       0x80 ./CMSIS/system_MK64F12.o
 .comment       0x0000007f       0x80 c:/nxp/mcuxpressoide_10.1.1_606/ide/tools/bin/../lib/gcc/arm-none-eabi/6.3.1/../../../../arm-none-eabi/lib/thumb/v7e-m/fpv4-sp/hard\libcr_semihost_nf.a(_cr__main.o)
 .comment       0x0000007f       0x80 c:/nxp/mcuxpressoide_10.1.1_606/ide/tools/bin/../lib/gcc/arm-none-eabi/6.3.1/../../../../arm-none-eabi/lib/thumb/v7e-m/fpv4-sp/hard\libcr_semihost_nf.a(_cr_assert.o)
 .comment       0x0000007f       0x80 c:/nxp/mcuxpressoide_10.1.1_606/ide/tools/bin/../lib/gcc/arm-none-eabi/6.3.1/../../../../arm-none-eabi/lib/thumb/v7e-m/fpv4-sp/hard\libcr_semihost_nf.a(__ciob.o)
 .comment       0x0000007f       0x80 c:/nxp/mcuxpressoide_10.1.1_606/ide/tools/bin/../lib/gcc/arm-none-eabi/6.3.1/../../../../arm-none-eabi/lib/thumb/v7e-m/fpv4-sp/hard\libcr_c.a(memcpy.o)
 .comment       0x0000007f       0x80 c:/nxp/mcuxpressoide_10.1.1_606/ide/tools/bin/../lib/gcc/arm-none-eabi/6.3.1/../../../../arm-none-eabi/lib/thumb/v7e-m/fpv4-sp/hard\libcr_c.a(memset.o)
 .comment       0x0000007f       0x80 c:/nxp/mcuxpressoide_10.1.1_606/ide/tools/bin/../lib/gcc/arm-none-eabi/6.3.1/../../../../arm-none-eabi/lib/thumb/v7e-m/fpv4-sp/hard\libcr_c.a(_deferredlazyseek.o)
 .comment       0x0000007f       0x80 c:/nxp/mcuxpressoide_10.1.1_606/ide/tools/bin/../lib/gcc/arm-none-eabi/6.3.1/../../../../arm-none-eabi/lib/thumb/v7e-m/fpv4-sp/hard\libcr_c.a(_fflush.o)
 .comment       0x0000007f       0x80 c:/nxp/mcuxpressoide_10.1.1_606/ide/tools/bin/../lib/gcc/arm-none-eabi/6.3.1/../../../../arm-none-eabi/lib/thumb/v7e-m/fpv4-sp/hard\libcr_c.a(_writebuf.o)
 .comment       0x0000007f       0x80 c:/nxp/mcuxpressoide_10.1.1_606/ide/tools/bin/../lib/gcc/arm-none-eabi/6.3.1/../../../../arm-none-eabi/lib/thumb/v7e-m/fpv4-sp/hard\libcr_c.a(alloc.o)
 .comment       0x0000007f       0x80 c:/nxp/mcuxpressoide_10.1.1_606/ide/tools/bin/../lib/gcc/arm-none-eabi/6.3.1/../../../../arm-none-eabi/lib/thumb/v7e-m/fpv4-sp/hard\libcr_c.a(fputs.o)
 .comment       0x0000007f       0x80 c:/nxp/mcuxpressoide_10.1.1_606/ide/tools/bin/../lib/gcc/arm-none-eabi/6.3.1/../../../../arm-none-eabi/lib/thumb/v7e-m/fpv4-sp/hard\libcr_c.a(fseek.o)
 .comment       0x0000007f       0x80 c:/nxp/mcuxpressoide_10.1.1_606/ide/tools/bin/../lib/gcc/arm-none-eabi/6.3.1/../../../../arm-none-eabi/lib/thumb/v7e-m/fpv4-sp/hard\libcr_c.a(ftell.o)
 .comment       0x0000007f       0x80 c:/nxp/mcuxpressoide_10.1.1_606/ide/tools/bin/../lib/gcc/arm-none-eabi/6.3.1/../../../../arm-none-eabi/lib/thumb/v7e-m/fpv4-sp/hard\libcr_c.a(initio.o)
 .comment       0x0000007f       0x80 c:/nxp/mcuxpressoide_10.1.1_606/ide/tools/bin/../lib/gcc/arm-none-eabi/6.3.1/../../../../arm-none-eabi/lib/thumb/v7e-m/fpv4-sp/hard\libcr_c.a(printf.o)
 .comment       0x0000007f       0x80 c:/nxp/mcuxpressoide_10.1.1_606/ide/tools/bin/../lib/gcc/arm-none-eabi/6.3.1/../../../../arm-none-eabi/lib/thumb/v7e-m/fpv4-sp/hard\libcr_c.a(setvbuf.o)
 .comment       0x0000007f       0x80 c:/nxp/mcuxpressoide_10.1.1_606/ide/tools/bin/../lib/gcc/arm-none-eabi/6.3.1/../../../../arm-none-eabi/lib/thumb/v7e-m/fpv4-sp/hard\libcr_c.a(strlen.o)
 .comment       0x0000007f       0x80 c:/nxp/mcuxpressoide_10.1.1_606/ide/tools/bin/../lib/gcc/arm-none-eabi/6.3.1/../../../../arm-none-eabi/lib/thumb/v7e-m/fpv4-sp/hard\libcr_c.a(__init_alloc.o)
 .comment       0x0000007f       0x80 c:/nxp/mcuxpressoide_10.1.1_606/ide/tools/bin/../lib/gcc/arm-none-eabi/6.3.1/../../../../arm-none-eabi/lib/thumb/v7e-m/fpv4-sp/hard\libcr_c.a(_cr_sbrk.o)
 .comment       0x0000007f       0x80 c:/nxp/mcuxpressoide_10.1.1_606/ide/tools/bin/../lib/gcc/arm-none-eabi/6.3.1/../../../../arm-none-eabi/lib/thumb/v7e-m/fpv4-sp/hard\libcr_c.a(_fdopen.o)
 .comment       0x0000007f       0x80 c:/nxp/mcuxpressoide_10.1.1_606/ide/tools/bin/../lib/gcc/arm-none-eabi/6.3.1/../../../../arm-none-eabi/lib/thumb/v7e-m/fpv4-sp/hard\libcr_c.a(errno.o)
 .comment       0x0000007f       0x80 c:/nxp/mcuxpressoide_10.1.1_606/ide/tools/bin/../lib/gcc/arm-none-eabi/6.3.1/../../../../arm-none-eabi/lib/thumb/v7e-m/fpv4-sp/hard\libcr_c.a(fclose.o)
 .comment       0x0000007f       0x80 c:/nxp/mcuxpressoide_10.1.1_606/ide/tools/bin/../lib/gcc/arm-none-eabi/6.3.1/../../../../arm-none-eabi/lib/thumb/v7e-m/fpv4-sp/hard\libcr_c.a(fflush.o)
 .comment       0x0000007f       0x80 c:/nxp/mcuxpressoide_10.1.1_606/ide/tools/bin/../lib/gcc/arm-none-eabi/6.3.1/../../../../arm-none-eabi/lib/thumb/v7e-m/fpv4-sp/hard\libcr_c.a(remove.o)
 .comment       0x0000007f       0x80 c:/nxp/mcuxpressoide_10.1.1_606/ide/tools/bin/../lib/gcc/arm-none-eabi/6.3.1/../../../../arm-none-eabi/lib/thumb/v7e-m/fpv4-sp/hard\libcr_c.a(_cr_check_heap.o)
 .comment       0x0000007f       0x80 c:/nxp/mcuxpressoide_10.1.1_606/ide/tools/bin/../lib/gcc/arm-none-eabi/6.3.1/../../../../arm-none-eabi/lib/thumb/v7e-m/fpv4-sp/hard\libcr_c.a(_do_fflush.o)

.ARM.attributes
                0x00000000       0x37
 .ARM.attributes
                0x00000000       0x39 ./utilities/fsl_debug_console.o
 .ARM.attributes
                0x00000039       0x39 ./utilities/fsl_io.o
 .ARM.attributes
                0x00000072       0x39 ./utilities/fsl_log.o
 .ARM.attributes
                0x000000ab       0x39 ./startup/startup_mk64f12.o
 .ARM.attributes
                0x000000e4       0x39 ./source/PRUEBA_SPI.o
 .ARM.attributes
                0x0000011d       0x39 ./source/semihost_hardfault.o
 .ARM.attributes
                0x00000156       0x39 ./freertos/source/list.o
 .ARM.attributes
                0x0000018f       0x39 ./freertos/source/queue.o
 .ARM.attributes
                0x000001c8       0x39 ./freertos/source/tasks.o
 .ARM.attributes
                0x00000201       0x39 ./freertos/source/timers.o
 .ARM.attributes
                0x0000023a       0x39 ./freertos/portable/fsl_tickless_systick.o
 .ARM.attributes
                0x00000273       0x39 ./freertos/portable/heap_4.o
 .ARM.attributes
                0x000002ac       0x39 ./freertos/portable/port.o
 .ARM.attributes
                0x000002e5       0x39 ./drivers/fsl_clock.o
 .ARM.attributes
                0x0000031e       0x39 ./drivers/fsl_dspi.o
 .ARM.attributes
                0x00000357       0x39 ./drivers/fsl_flash.o
 .ARM.attributes
                0x00000390       0x39 ./drivers/fsl_smc.o
 .ARM.attributes
                0x000003c9       0x39 ./drivers/fsl_uart.o
 .ARM.attributes
                0x00000402       0x39 ./board/board.o
 .ARM.attributes
                0x0000043b       0x39 ./board/clock_config.o
 .ARM.attributes
                0x00000474       0x39 ./board/peripherals.o
 .ARM.attributes
                0x000004ad       0x39 ./board/pin_mux.o
 .ARM.attributes
                0x000004e6       0x39 ./CMSIS/system_MK64F12.o
 .ARM.attributes
                0x0000051f       0x39 c:/nxp/mcuxpressoide_10.1.1_606/ide/tools/bin/../lib/gcc/arm-none-eabi/6.3.1/../../../../arm-none-eabi/lib/thumb/v7e-m/fpv4-sp/hard\libcr_semihost_nf.a(_cr__main.o)
 .ARM.attributes
                0x00000558       0x39 c:/nxp/mcuxpressoide_10.1.1_606/ide/tools/bin/../lib/gcc/arm-none-eabi/6.3.1/../../../../arm-none-eabi/lib/thumb/v7e-m/fpv4-sp/hard\libcr_semihost_nf.a(_cr_assert.o)
 .ARM.attributes
                0x00000591       0x39 c:/nxp/mcuxpressoide_10.1.1_606/ide/tools/bin/../lib/gcc/arm-none-eabi/6.3.1/../../../../arm-none-eabi/lib/thumb/v7e-m/fpv4-sp/hard\libcr_semihost_nf.a(__ciob.o)
 .ARM.attributes
                0x000005ca       0x25 c:/nxp/mcuxpressoide_10.1.1_606/ide/tools/bin/../lib/gcc/arm-none-eabi/6.3.1/../../../../arm-none-eabi/lib/thumb/v7e-m/fpv4-sp/hard\libcr_semihost_nf.a(__sys_appexit.o)
 .ARM.attributes
                0x000005ef       0x39 c:/nxp/mcuxpressoide_10.1.1_606/ide/tools/bin/../lib/gcc/arm-none-eabi/6.3.1/../../../../arm-none-eabi/lib/thumb/v7e-m/fpv4-sp/hard\libcr_c.a(memcpy.o)
 .ARM.attributes
                0x00000628       0x39 c:/nxp/mcuxpressoide_10.1.1_606/ide/tools/bin/../lib/gcc/arm-none-eabi/6.3.1/../../../../arm-none-eabi/lib/thumb/v7e-m/fpv4-sp/hard\libcr_c.a(memset.o)
 .ARM.attributes
                0x00000661       0x39 c:/nxp/mcuxpressoide_10.1.1_606/ide/tools/bin/../lib/gcc/arm-none-eabi/6.3.1/../../../../arm-none-eabi/lib/thumb/v7e-m/fpv4-sp/hard\libcr_c.a(_deferredlazyseek.o)
 .ARM.attributes
                0x0000069a       0x39 c:/nxp/mcuxpressoide_10.1.1_606/ide/tools/bin/../lib/gcc/arm-none-eabi/6.3.1/../../../../arm-none-eabi/lib/thumb/v7e-m/fpv4-sp/hard\libcr_c.a(_fflush.o)
 .ARM.attributes
                0x000006d3       0x39 c:/nxp/mcuxpressoide_10.1.1_606/ide/tools/bin/../lib/gcc/arm-none-eabi/6.3.1/../../../../arm-none-eabi/lib/thumb/v7e-m/fpv4-sp/hard\libcr_c.a(_writebuf.o)
 .ARM.attributes
                0x0000070c       0x39 c:/nxp/mcuxpressoide_10.1.1_606/ide/tools/bin/../lib/gcc/arm-none-eabi/6.3.1/../../../../arm-none-eabi/lib/thumb/v7e-m/fpv4-sp/hard\libcr_c.a(alloc.o)
 .ARM.attributes
                0x00000745       0x39 c:/nxp/mcuxpressoide_10.1.1_606/ide/tools/bin/../lib/gcc/arm-none-eabi/6.3.1/../../../../arm-none-eabi/lib/thumb/v7e-m/fpv4-sp/hard\libcr_c.a(fputs.o)
 .ARM.attributes
                0x0000077e       0x39 c:/nxp/mcuxpressoide_10.1.1_606/ide/tools/bin/../lib/gcc/arm-none-eabi/6.3.1/../../../../arm-none-eabi/lib/thumb/v7e-m/fpv4-sp/hard\libcr_c.a(fseek.o)
 .ARM.attributes
                0x000007b7       0x39 c:/nxp/mcuxpressoide_10.1.1_606/ide/tools/bin/../lib/gcc/arm-none-eabi/6.3.1/../../../../arm-none-eabi/lib/thumb/v7e-m/fpv4-sp/hard\libcr_c.a(ftell.o)
 .ARM.attributes
                0x000007f0       0x39 c:/nxp/mcuxpressoide_10.1.1_606/ide/tools/bin/../lib/gcc/arm-none-eabi/6.3.1/../../../../arm-none-eabi/lib/thumb/v7e-m/fpv4-sp/hard\libcr_c.a(initio.o)
 .ARM.attributes
                0x00000829       0x39 c:/nxp/mcuxpressoide_10.1.1_606/ide/tools/bin/../lib/gcc/arm-none-eabi/6.3.1/../../../../arm-none-eabi/lib/thumb/v7e-m/fpv4-sp/hard\libcr_c.a(printf.o)
 .ARM.attributes
                0x00000862       0x39 c:/nxp/mcuxpressoide_10.1.1_606/ide/tools/bin/../lib/gcc/arm-none-eabi/6.3.1/../../../../arm-none-eabi/lib/thumb/v7e-m/fpv4-sp/hard\libcr_c.a(setvbuf.o)
 .ARM.attributes
                0x0000089b       0x39 c:/nxp/mcuxpressoide_10.1.1_606/ide/tools/bin/../lib/gcc/arm-none-eabi/6.3.1/../../../../arm-none-eabi/lib/thumb/v7e-m/fpv4-sp/hard\libcr_c.a(strlen.o)
 .ARM.attributes
                0x000008d4       0x39 c:/nxp/mcuxpressoide_10.1.1_606/ide/tools/bin/../lib/gcc/arm-none-eabi/6.3.1/../../../../arm-none-eabi/lib/thumb/v7e-m/fpv4-sp/hard\libcr_c.a(__init_alloc.o)
 .ARM.attributes
                0x0000090d       0x39 c:/nxp/mcuxpressoide_10.1.1_606/ide/tools/bin/../lib/gcc/arm-none-eabi/6.3.1/../../../../arm-none-eabi/lib/thumb/v7e-m/fpv4-sp/hard\libcr_c.a(_cr_sbrk.o)
 .ARM.attributes
                0x00000946       0x39 c:/nxp/mcuxpressoide_10.1.1_606/ide/tools/bin/../lib/gcc/arm-none-eabi/6.3.1/../../../../arm-none-eabi/lib/thumb/v7e-m/fpv4-sp/hard\libcr_c.a(_fdopen.o)
 .ARM.attributes
                0x0000097f       0x39 c:/nxp/mcuxpressoide_10.1.1_606/ide/tools/bin/../lib/gcc/arm-none-eabi/6.3.1/../../../../arm-none-eabi/lib/thumb/v7e-m/fpv4-sp/hard\libcr_c.a(errno.o)
 .ARM.attributes
                0x000009b8       0x39 c:/nxp/mcuxpressoide_10.1.1_606/ide/tools/bin/../lib/gcc/arm-none-eabi/6.3.1/../../../../arm-none-eabi/lib/thumb/v7e-m/fpv4-sp/hard\libcr_c.a(fclose.o)
 .ARM.attributes
                0x000009f1       0x39 c:/nxp/mcuxpressoide_10.1.1_606/ide/tools/bin/../lib/gcc/arm-none-eabi/6.3.1/../../../../arm-none-eabi/lib/thumb/v7e-m/fpv4-sp/hard\libcr_c.a(fflush.o)
 .ARM.attributes
                0x00000a2a       0x39 c:/nxp/mcuxpressoide_10.1.1_606/ide/tools/bin/../lib/gcc/arm-none-eabi/6.3.1/../../../../arm-none-eabi/lib/thumb/v7e-m/fpv4-sp/hard\libcr_c.a(remove.o)
 .ARM.attributes
                0x00000a63       0x39 c:/nxp/mcuxpressoide_10.1.1_606/ide/tools/bin/../lib/gcc/arm-none-eabi/6.3.1/../../../../arm-none-eabi/lib/thumb/v7e-m/fpv4-sp/hard\libcr_c.a(_cr_check_heap.o)
 .ARM.attributes
                0x00000a9c       0x39 c:/nxp/mcuxpressoide_10.1.1_606/ide/tools/bin/../lib/gcc/arm-none-eabi/6.3.1/../../../../arm-none-eabi/lib/thumb/v7e-m/fpv4-sp/hard\libcr_c.a(_do_fflush.o)
 .ARM.attributes
                0x00000ad5       0x25 c:/nxp/mcuxpressoide_10.1.1_606/ide/tools/bin/../lib/gcc/arm-none-eabi/6.3.1/thumb/v7e-m/fpv4-sp/hard\libcr_eabihelpers.a(memcpy.o)
 .ARM.attributes
                0x00000afa       0x25 c:/nxp/mcuxpressoide_10.1.1_606/ide/tools/bin/../lib/gcc/arm-none-eabi/6.3.1/../../../../arm-none-eabi/lib/thumb/v7e-m/fpv4-sp/hard\libcr_semihost_nf.a(__sys_close.o)
 .ARM.attributes
                0x00000b1f       0x25 c:/nxp/mcuxpressoide_10.1.1_606/ide/tools/bin/../lib/gcc/arm-none-eabi/6.3.1/../../../../arm-none-eabi/lib/thumb/v7e-m/fpv4-sp/hard\libcr_semihost_nf.a(__sys_flen.o)
 .ARM.attributes
                0x00000b44       0x25 c:/nxp/mcuxpressoide_10.1.1_606/ide/tools/bin/../lib/gcc/arm-none-eabi/6.3.1/../../../../arm-none-eabi/lib/thumb/v7e-m/fpv4-sp/hard\libcr_semihost_nf.a(__sys_istty.o)
 .ARM.attributes
                0x00000b69       0x25 c:/nxp/mcuxpressoide_10.1.1_606/ide/tools/bin/../lib/gcc/arm-none-eabi/6.3.1/../../../../arm-none-eabi/lib/thumb/v7e-m/fpv4-sp/hard\libcr_semihost_nf.a(__sys_remove.o)
 .ARM.attributes
                0x00000b8e       0x25 c:/nxp/mcuxpressoide_10.1.1_606/ide/tools/bin/../lib/gcc/arm-none-eabi/6.3.1/../../../../arm-none-eabi/lib/thumb/v7e-m/fpv4-sp/hard\libcr_semihost_nf.a(__sys_seek.o)
 .ARM.attributes
                0x00000bb3       0x25 c:/nxp/mcuxpressoide_10.1.1_606/ide/tools/bin/../lib/gcc/arm-none-eabi/6.3.1/../../../../arm-none-eabi/lib/thumb/v7e-m/fpv4-sp/hard\libcr_semihost_nf.a(__sys_tmpnam.o)
 .ARM.attributes
                0x00000bd8       0x25 c:/nxp/mcuxpressoide_10.1.1_606/ide/tools/bin/../lib/gcc/arm-none-eabi/6.3.1/../../../../arm-none-eabi/lib/thumb/v7e-m/fpv4-sp/hard\libcr_semihost_nf.a(__sys_write.o)

.debug_frame    0x00000000     0x4060
 .debug_frame   0x00000000       0x6c ./utilities/fsl_debug_console.o
 .debug_frame   0x0000006c       0xe0 ./utilities/fsl_io.o
 .debug_frame   0x0000014c      0x120 ./utilities/fsl_log.o
 .debug_frame   0x0000026c      0x904 ./startup/startup_mk64f12.o
 .debug_frame   0x00000b70       0x30 ./source/PRUEBA_SPI.o
 .debug_frame   0x00000ba0       0x20 ./source/semihost_hardfault.o
 .debug_frame   0x00000bc0       0xd8 ./freertos/source/list.o
 .debug_frame   0x00000c98      0x4c0 ./freertos/source/queue.o
 .debug_frame   0x00001158      0x85c ./freertos/source/tasks.o
 .debug_frame   0x000019b4      0x338 ./freertos/source/timers.o
 .debug_frame   0x00001cec       0x30 ./freertos/portable/fsl_tickless_systick.o
 .debug_frame   0x00001d1c      0x108 ./freertos/portable/heap_4.o
 .debug_frame   0x00001e24      0x17c ./freertos/portable/port.o
 .debug_frame   0x00001fa0      0x820 ./drivers/fsl_clock.o
 .debug_frame   0x000027c0      0x810 ./drivers/fsl_dspi.o
 .debug_frame   0x00002fd0      0x60c ./drivers/fsl_flash.o
 .debug_frame   0x000035dc      0x220 ./drivers/fsl_smc.o
 .debug_frame   0x000037fc      0x5ec ./drivers/fsl_uart.o
 .debug_frame   0x00003de8       0x34 ./board/board.o
 .debug_frame   0x00003e1c      0x124 ./board/clock_config.o
 .debug_frame   0x00003f40       0x30 ./board/peripherals.o
 .debug_frame   0x00003f70       0x98 ./board/pin_mux.o
 .debug_frame   0x00004008       0x58 ./CMSIS/system_MK64F12.o

.debug_ranges   0x00000000       0x78
 .debug_ranges  0x00000000       0x78 ./startup/startup_mk64f12.o
