15:36:33 **** Incremental Build of configuration Debug for project 0310_practica1 ****
make -r -j4 all 
Building file: ../source/0310_practica1.c
Invoking: MCU C Compiler
arm-none-eabi-gcc -D__REDLIB__ -DPRINTF_FLOAT_ENABLE=0 -D__USE_CMSIS -DCR_INTEGER_PRINTF -DSDK_DEBUGCONSOLE=1 -D__MCUXPRESSO -DDEBUG -DSDK_OS_FREE_RTOS -DFSL_RTOS_FREE_RTOS -DCPU_MK64FN1M0VLL12 -DCPU_MK64FN1M0VLL12_cm4 -I"C:\SEBM\SEBM2\0310_practica1\board" -I"C:\SEBM\SEBM2\0310_practica1\source" -I"C:\SEBM\SEBM2\0310_practica1" -I"C:\SEBM\SEBM2\0310_practica1\freertos\include" -I"C:\SEBM\SEBM2\0310_practica1\freertos\portable" -I"C:\SEBM\SEBM2\0310_practica1\drivers" -I"C:\SEBM\SEBM2\0310_practica1\CMSIS" -I"C:\SEBM\SEBM2\0310_practica1\drivers\freertos" -I"C:\SEBM\SEBM2\0310_practica1\utilities" -I"C:\SEBM\SEBM2\0310_practica1\startup" -O0 -fno-common -g3 -Wall -c -fmessage-length=0 -mcpu=cortex-m4 -mfpu=fpv4-sp-d16 -mfloat-abi=hard -mthumb -D__REDLIB__ -specs=redlib.specs -MMD -MP -MF"source/0310_practica1.d" -MT"source/0310_practica1.o" -MT"source/0310_practica1.d" -o "source/0310_practica1.o" "../source/0310_practica1.c"
../source/0310_practica1.c: In function 'Read_RTC':
../source/0310_practica1.c:181:18: warning: assignment makes pointer from integer without a cast [-Wint-conversion]
  masterXfer.data = buffer;
                  ^
../source/0310_practica1.c:181:18: warning: 'buffer' is used uninitialized in this function [-Wuninitialized]
  masterXfer.data = buffer;
  ~~~~~~~~~~~~~~~~^~~~~~~~
Finished building: ../source/0310_practica1.c
 
Building target: 0310_practica1.axf
Invoking: MCU Linker
arm-none-eabi-gcc -nostdlib -Xlinker -print-memory-usage -Xlinker --gc-sections -Xlinker -Map="0310_practica1.map" -mcpu=cortex-m4 -mfpu=fpv4-sp-d16 -mfloat-abi=hard -mthumb -T 0310_practica1_Debug.ld -o "0310_practica1.axf"  ./utilities/fsl_debug_console.o ./utilities/fsl_io.o ./utilities/fsl_log.o ./utilities/fsl_str.o  ./startup/startup_mk64f12.o  ./source/0310_practica1.o ./source/semihost_hardfault.o  ./freertos/source/croutine.o ./freertos/source/event_groups.o ./freertos/source/list.o ./freertos/source/queue.o ./freertos/source/tasks.o ./freertos/source/timers.o  ./freertos/portable/fsl_tickless_systick.o ./freertos/portable/heap_4.o ./freertos/portable/port.o  ./drivers/freertos/fsl_dspi_freertos.o ./drivers/freertos/fsl_i2c_freertos.o ./drivers/freertos/fsl_uart_freertos.o  ./drivers/fsl_clock.o ./drivers/fsl_common.o ./drivers/fsl_dspi.o ./drivers/fsl_flash.o ./drivers/fsl_gpio.o ./drivers/fsl_i2c.o ./drivers/fsl_pit.o ./drivers/fsl_smc.o ./drivers/fsl_uart.o  ./board/board.o ./board/clock_config.o ./board/peripherals.o ./board/pin_mux.o  ./CMSIS/system_MK64F12.o   
Memory region         Used Size  Region Size  %age Used
   PROGRAM_FLASH:       66228 B         1 MB      6.32%
      SRAM_UPPER:       19312 B       192 KB      9.82%
      SRAM_LOWER:          0 GB        64 KB      0.00%
        FLEX_RAM:          0 GB         4 KB      0.00%
Finished building target: 0310_practica1.axf
 
make --no-print-directory post-build
Performing post-build steps
arm-none-eabi-size "0310_practica1.axf"; # arm-none-eabi-objcopy -v -O binary "0310_practica1.axf" "0310_practica1.bin" ; # checksum -p MK64FN1M0xxx12 -d "0310_practica1.bin";
   text	   data	    bss	    dec	    hex	filename
  66212	     16	  19296	  85524	  14e14	0310_practica1.axf
 
15:36:40 **** Incremental Build of configuration Debug for project 0310_practica1 ****
make -r -j4 all 
make: Nothing to be done for `all'.
15:36:42 **** Incremental Build of configuration Debug for project 0310_practica1 ****
make -r -j4 all 
make: Nothing to be done for `all'.
